[Step=1 AgentCount=181 FoodCount=90 Alive0=181 B0Z2=-1 B1Z2=-1 P0On=True P1On=False P2On=False]
[Step=2 AgentCount=181 FoodCount=0 Alive0=181 B0Z2=-1 B1Z2=-1 P0On=False P1On=False P2On=False]
[Step=3 AgentCount=181 FoodCount=0 Alive0=181 B0Z2=-1 B1Z2=-1 P0On=False P1On=False P2On=False]
[Step=4 AgentCount=181 FoodCount=0 Alive0=181 B0Z2=-1 B1Z2=-1 P0On=False P1On=False P2On=False]
[Step=5 AgentCount=181 FoodCount=0 Alive0=181 B0Z2=-1 B1Z2=-1 P0On=False P1On=False P2On=False]
[Step=6 AgentCount=181 FoodCount=0 Alive0=181 B0Z2=-1 B1Z2=-1 P0On=False P1On=False P2On=False]
[Step=7 AgentCount=139 FoodCount=90 Alive0=139 B0Z2=-1 B1Z2=-1 P0On=False P1On=True P2On=False]
[Step=8 AgentCount=139 FoodCount=90 Alive0=139 B0Z2=-1 B1Z2=-1 P0On=False P1On=True P2On=False]
[Step=9 AgentCount=139 FoodCount=90 Alive0=139 B0Z2=-1 B1Z2=-1 P0On=False P1On=True P2On=False]
[Step=10 AgentCount=139 FoodCount=90 Alive0=139 B0Z2=-1 B1Z2=-1 P0On=False P1On=True P2On=False]
[Step=11 AgentCount=140 FoodCount=90 Alive0=140 B0Z2=-1 B1Z2=-1 P0On=False P1On=True P2On=False]
[Step=12 AgentCount=140 FoodCount=90 Alive0=140 B0Z2=-1 B1Z2=-1 P0On=False P1On=True P2On=False]
[Step=13 AgentCount=140 FoodCount=90 Alive0=140 B0Z2=-1 B1Z2=-1 P0On=False P1On=True P2On=False]
[Step=14 AgentCount=140 FoodCount=90 Alive0=140 B0Z2=-1 B1Z2=-1 P0On=False P1On=True P2On=False]
[Step=15 AgentCount=140 FoodCount=90 Alive0=140 B0Z2=-1 B1Z2=-1 P0On=False P1On=True P2On=False]
[Step=16 AgentCount=141 FoodCount=90 Alive0=141 B0Z2=-1 B1Z2=-1 P0On=False P1On=True P2On=False]
[Step=17 AgentCount=141 FoodCount=90 Alive0=141 B0Z2=-1 B1Z2=-1 P0On=False P1On=True P2On=False]
[Step=18 AgentCount=141 FoodCount=90 Alive0=141 B0Z2=-1 B1Z2=-1 P0On=False P1On=True P2On=False]
[Step=19 AgentCount=141 FoodCount=90 Alive0=141 B0Z2=-1 B1Z2=-1 P0On=False P1On=True P2On=False]
[Step=20 AgentCount=141 FoodCount=90 Alive0=141 B0Z2=-1 B1Z2=-1 P0On=False P1On=True P2On=False]
[Step=21 AgentCount=141 FoodCount=90 Alive0=141 B0Z2=-1 B1Z2=-1 P0On=False P1On=True P2On=False]
[Step=22 AgentCount=141 FoodCount=90 Alive0=141 B0Z2=-1 B1Z2=-1 P0On=False P1On=True P2On=False]
[Step=23 AgentCount=141 FoodCount=90 Alive0=141 B0Z2=-1 B1Z2=-1 P0On=False P1On=True P2On=False]
[Step=24 AgentCount=141 FoodCount=90 Alive0=141 B0Z2=-1 B1Z2=-1 P0On=False P1On=True P2On=False]
[Step=25 AgentCount=142 FoodCount=90 Alive0=142 B0Z2=-1 B1Z2=-1 P0On=False P1On=True P2On=False]
[Step=26 AgentCount=142 FoodCount=90 Alive0=142 B0Z2=-1 B1Z2=-1 P0On=False P1On=True P2On=False]
[Step=27 AgentCount=142 FoodCount=0 Alive0=142 B0Z2=-1 B1Z2=-1 P0On=True P1On=False P2On=False]
[Step=28 AgentCount=142 FoodCount=0 Alive0=142 B0Z2=-1 B1Z2=-1 P0On=False P1On=False P2On=False]
[Step=29 AgentCount=142 FoodCount=0 Alive0=142 B0Z2=-1 B1Z2=-1 P0On=False P1On=False P2On=False]
[Step=30 AgentCount=142 FoodCount=0 Alive0=142 B0Z2=-1 B1Z2=-1 P0On=False P1On=False P2On=False]
[Step=31 AgentCount=142 FoodCount=0 Alive0=142 B0Z2=-1 B1Z2=-1 P0On=False P1On=False P2On=False]
[Step=32 AgentCount=142 FoodCount=0 Alive0=142 B0Z2=-1 B1Z2=-1 P0On=False P1On=False P2On=False]
[Step=33 AgentCount=138 FoodCount=90 Alive0=138 B0Z2=-1 B1Z2=-1 P0On=False P1On=True P2On=False]
[Step=34 AgentCount=139 FoodCount=90 Alive0=139 B0Z2=-1 B1Z2=-1 P0On=False P1On=True P2On=False]
[Step=35 AgentCount=139 FoodCount=90 Alive0=139 B0Z2=-1 B1Z2=-1 P0On=False P1On=True P2On=False]
[Step=36 AgentCount=140 FoodCount=90 Alive0=140 B0Z2=-1 B1Z2=-1 P0On=False P1On=True P2On=False]
[Step=37 AgentCount=140 FoodCount=90 Alive0=140 B0Z2=-1 B1Z2=-1 P0On=False P1On=True P2On=False]
[Step=38 AgentCount=140 FoodCount=90 Alive0=140 B0Z2=-1 B1Z2=-1 P0On=False P1On=True P2On=False]
[Step=39 AgentCount=140 FoodCount=90 Alive0=140 B0Z2=-1 B1Z2=-1 P0On=False P1On=True P2On=False]
[Step=40 AgentCount=140 FoodCount=90 Alive0=140 B0Z2=-1 B1Z2=-1 P0On=False P1On=True P2On=False]
[Step=41 AgentCount=141 FoodCount=90 Alive0=141 B0Z2=-1 B1Z2=-1 P0On=False P1On=True P2On=False]
[Step=42 AgentCount=141 FoodCount=90 Alive0=141 B0Z2=-1 B1Z2=-1 P0On=False P1On=True P2On=False]
[Step=43 AgentCount=141 FoodCount=90 Alive0=141 B0Z2=-1 B1Z2=-1 P0On=False P1On=True P2On=False]
[Step=44 AgentCount=141 FoodCount=90 Alive0=141 B0Z2=-1 B1Z2=-1 P0On=False P1On=True P2On=False]
[Step=45 AgentCount=141 FoodCount=90 Alive0=141 B0Z2=-1 B1Z2=-1 P0On=False P1On=True P2On=False]
[Step=46 AgentCount=141 FoodCount=90 Alive0=141 B0Z2=-1 B1Z2=-1 P0On=False P1On=True P2On=False]
[Step=47 AgentCount=141 FoodCount=90 Alive0=141 B0Z2=-1 B1Z2=-1 P0On=False P1On=True P2On=False]
[Step=48 AgentCount=141 FoodCount=90 Alive0=141 B0Z2=-1 B1Z2=-1 P0On=False P1On=True P2On=False]
[Step=49 AgentCount=141 FoodCount=90 Alive0=141 B0Z2=-1 B1Z2=-1 P0On=False P1On=True P2On=False]
[Step=50 AgentCount=141 FoodCount=90 Alive0=141 B0Z2=-1 B1Z2=-1 P0On=False P1On=True P2On=False]
[Step=51 AgentCount=141 FoodCount=90 Alive0=141 B0Z2=-1 B1Z2=-1 P0On=False P1On=True P2On=False]
[Step=52 AgentCount=141 FoodCount=90 Alive0=141 B0Z2=-1 B1Z2=-1 P0On=False P1On=True P2On=False]
[Step=53 AgentCount=142 FoodCount=0 Alive0=142 B0Z2=-1 B1Z2=-1 P0On=True P1On=False P2On=False]
[Step=54 AgentCount=143 FoodCount=0 Alive0=143 B0Z2=-1 B1Z2=-1 P0On=False P1On=False P2On=False]
[Step=55 AgentCount=144 FoodCount=0 Alive0=144 B0Z2=-1 B1Z2=-1 P0On=False P1On=False P2On=False]
[Step=56 AgentCount=144 FoodCount=0 Alive0=144 B0Z2=-1 B1Z2=-1 P0On=False P1On=False P2On=False]
[Step=57 AgentCount=144 FoodCount=0 Alive0=144 B0Z2=-1 B1Z2=-1 P0On=False P1On=False P2On=False]
[Step=58 AgentCount=144 FoodCount=0 Alive0=144 B0Z2=-1 B1Z2=-1 P0On=False P1On=False P2On=False]
[Step=59 AgentCount=142 FoodCount=90 Alive0=142 B0Z2=-1 B1Z2=-1 P0On=False P1On=True P2On=False]
[Step=60 AgentCount=142 FoodCount=90 Alive0=142 B0Z2=-1 B1Z2=-1 P0On=False P1On=True P2On=False]
[Step=61 AgentCount=143 FoodCount=90 Alive0=143 B0Z2=-1 B1Z2=-1 P0On=False P1On=True P2On=False]
[Step=62 AgentCount=143 FoodCount=90 Alive0=143 B0Z2=-1 B1Z2=-1 P0On=False P1On=True P2On=False]
[Step=63 AgentCount=143 FoodCount=90 Alive0=143 B0Z2=-1 B1Z2=-1 P0On=False P1On=True P2On=False]
[Step=64 AgentCount=143 FoodCount=90 Alive0=143 B0Z2=-1 B1Z2=-1 P0On=False P1On=True P2On=False]
[Step=65 AgentCount=143 FoodCount=90 Alive0=143 B0Z2=-1 B1Z2=-1 P0On=False P1On=True P2On=False]
[Step=66 AgentCount=142 FoodCount=90 Alive0=142 B0Z2=-1 B1Z2=-1 P0On=False P1On=True P2On=False]
[Step=67 AgentCount=142 FoodCount=90 Alive0=142 B0Z2=-1 B1Z2=-1 P0On=False P1On=True P2On=False]
[Step=68 AgentCount=142 FoodCount=90 Alive0=142 B0Z2=-1 B1Z2=-1 P0On=False P1On=True P2On=False]
[Step=69 AgentCount=142 FoodCount=90 Alive0=142 B0Z2=-1 B1Z2=-1 P0On=False P1On=True P2On=False]
[Step=70 AgentCount=142 FoodCount=90 Alive0=142 B0Z2=-1 B1Z2=-1 P0On=False P1On=True P2On=False]
[Step=71 AgentCount=143 FoodCount=90 Alive0=143 B0Z2=-1 B1Z2=-1 P0On=False P1On=True P2On=False]
[Step=72 AgentCount=143 FoodCount=90 Alive0=143 B0Z2=-1 B1Z2=-1 P0On=False P1On=True P2On=False]
[Step=73 AgentCount=143 FoodCount=90 Alive0=143 B0Z2=-1 B1Z2=-1 P0On=False P1On=True P2On=False]
[Step=74 AgentCount=144 FoodCount=90 Alive0=144 B0Z2=-1 B1Z2=-1 P0On=False P1On=True P2On=False]
[Step=75 AgentCount=144 FoodCount=90 Alive0=144 B0Z2=-1 B1Z2=-1 P0On=False P1On=True P2On=False]
[Step=76 AgentCount=145 FoodCount=90 Alive0=145 B0Z2=-1 B1Z2=-1 P0On=False P1On=True P2On=False]
[Step=77 AgentCount=146 FoodCount=90 Alive0=146 B0Z2=-1 B1Z2=-1 P0On=False P1On=True P2On=False]
[Step=78 AgentCount=146 FoodCount=90 Alive0=146 B0Z2=-1 B1Z2=-1 P0On=False P1On=True P2On=False]
[Step=79 AgentCount=147 FoodCount=0 Alive0=147 B0Z2=-1 B1Z2=-1 P0On=True P1On=False P2On=False]
[Step=80 AgentCount=147 FoodCount=0 Alive0=147 B0Z2=-1 B1Z2=-1 P0On=False P1On=False P2On=False]
[Step=81 AgentCount=148 FoodCount=0 Alive0=148 B0Z2=-1 B1Z2=-1 P0On=False P1On=False P2On=False]
[Step=82 AgentCount=148 FoodCount=0 Alive0=148 B0Z2=-1 B1Z2=-1 P0On=False P1On=False P2On=False]
[Step=83 AgentCount=150 FoodCount=0 Alive0=150 B0Z2=-1 B1Z2=-1 P0On=False P1On=False P2On=False]
[Step=84 AgentCount=151 FoodCount=0 Alive0=151 B0Z2=-1 B1Z2=-1 P0On=False P1On=False P2On=False]
[Step=85 AgentCount=148 FoodCount=90 Alive0=148 B0Z2=-1 B1Z2=-1 P0On=False P1On=True P2On=False]
[Step=86 AgentCount=151 FoodCount=90 Alive0=151 B0Z2=-1 B1Z2=-1 P0On=False P1On=True P2On=False]
[Step=87 AgentCount=151 FoodCount=90 Alive0=151 B0Z2=-1 B1Z2=-1 P0On=False P1On=True P2On=False]
[Step=88 AgentCount=151 FoodCount=90 Alive0=151 B0Z2=-1 B1Z2=-1 P0On=False P1On=True P2On=False]
[Step=89 AgentCount=151 FoodCount=90 Alive0=151 B0Z2=-1 B1Z2=-1 P0On=False P1On=True P2On=False]
[Step=90 AgentCount=152 FoodCount=90 Alive0=152 B0Z2=-1 B1Z2=-1 P0On=False P1On=True P2On=False]
[Step=91 AgentCount=153 FoodCount=90 Alive0=153 B0Z2=-1 B1Z2=-1 P0On=False P1On=True P2On=False]
[Step=92 AgentCount=153 FoodCount=90 Alive0=153 B0Z2=-1 B1Z2=-1 P0On=False P1On=True P2On=False]
[Step=93 AgentCount=153 FoodCount=90 Alive0=153 B0Z2=-1 B1Z2=-1 P0On=False P1On=True P2On=False]
[Step=94 AgentCount=153 FoodCount=90 Alive0=153 B0Z2=-1 B1Z2=-1 P0On=False P1On=True P2On=False]
[Step=95 AgentCount=154 FoodCount=90 Alive0=154 B0Z2=-1 B1Z2=-1 P0On=False P1On=True P2On=False]
[Step=96 AgentCount=154 FoodCount=90 Alive0=154 B0Z2=-1 B1Z2=-1 P0On=False P1On=True P2On=False]
[Step=97 AgentCount=154 FoodCount=90 Alive0=154 B0Z2=-1 B1Z2=-1 P0On=False P1On=True P2On=False]
[Step=98 AgentCount=154 FoodCount=90 Alive0=154 B0Z2=-1 B1Z2=-1 P0On=False P1On=True P2On=False]
[Step=99 AgentCount=154 FoodCount=90 Alive0=154 B0Z2=-1 B1Z2=-1 P0On=False P1On=True P2On=False]
[Step=100 AgentCount=154 FoodCount=90 Alive0=154 B0Z2=-1 B1Z2=-1 P0On=False P1On=True P2On=False]
[Step=101 AgentCount=154 FoodCount=90 Alive0=154 B0Z2=-1 B1Z2=-1 P0On=False P1On=True P2On=False]
[Step=102 AgentCount=155 FoodCount=90 Alive0=155 B0Z2=-1 B1Z2=-1 P0On=False P1On=True P2On=False]
[Step=103 AgentCount=154 FoodCount=90 Alive0=154 B0Z2=-1 B1Z2=-1 P0On=False P1On=True P2On=False]
[Step=104 AgentCount=155 FoodCount=90 Alive0=155 B0Z2=-1 B1Z2=-1 P0On=False P1On=True P2On=False]
[Step=105 AgentCount=154 FoodCount=0 Alive0=154 B0Z2=-1 B1Z2=-1 P0On=True P1On=False P2On=False]
[Step=106 AgentCount=154 FoodCount=0 Alive0=154 B0Z2=-1 B1Z2=-1 P0On=False P1On=False P2On=False]
[Step=107 AgentCount=154 FoodCount=0 Alive0=154 B0Z2=-1 B1Z2=-1 P0On=False P1On=False P2On=False]
[Step=108 AgentCount=153 FoodCount=0 Alive0=153 B0Z2=-1 B1Z2=-1 P0On=False P1On=False P2On=False]
[Step=109 AgentCount=154 FoodCount=0 Alive0=154 B0Z2=-1 B1Z2=-1 P0On=False P1On=False P2On=False]
[Step=110 AgentCount=154 FoodCount=0 Alive0=154 B0Z2=-1 B1Z2=-1 P0On=False P1On=False P2On=False]
[Step=111 AgentCount=153 FoodCount=90 Alive0=153 B0Z2=-1 B1Z2=-1 P0On=False P1On=True P2On=False]
[Step=112 AgentCount=153 FoodCount=90 Alive0=153 B0Z2=-1 B1Z2=-1 P0On=False P1On=True P2On=False]
[Step=113 AgentCount=152 FoodCount=90 Alive0=152 B0Z2=-1 B1Z2=-1 P0On=False P1On=True P2On=False]
[Step=114 AgentCount=152 FoodCount=90 Alive0=152 B0Z2=-1 B1Z2=-1 P0On=False P1On=True P2On=False]
[Step=115 AgentCount=152 FoodCount=90 Alive0=152 B0Z2=-1 B1Z2=-1 P0On=False P1On=True P2On=False]
[Step=116 AgentCount=151 FoodCount=90 Alive0=151 B0Z2=-1 B1Z2=-1 P0On=False P1On=True P2On=False]
[Step=117 AgentCount=152 FoodCount=90 Alive0=152 B0Z2=-1 B1Z2=-1 P0On=False P1On=True P2On=False]
[Step=118 AgentCount=153 FoodCount=90 Alive0=153 B0Z2=-1 B1Z2=-1 P0On=False P1On=True P2On=False]
[Step=119 AgentCount=154 FoodCount=90 Alive0=154 B0Z2=-1 B1Z2=-1 P0On=False P1On=True P2On=False]
[Step=120 AgentCount=155 FoodCount=90 Alive0=155 B0Z2=-1 B1Z2=-1 P0On=False P1On=True P2On=False]
[Step=121 AgentCount=155 FoodCount=90 Alive0=155 B0Z2=-1 B1Z2=-1 P0On=False P1On=True P2On=False]
[Step=122 AgentCount=155 FoodCount=90 Alive0=155 B0Z2=-1 B1Z2=-1 P0On=False P1On=True P2On=False]
[Step=123 AgentCount=154 FoodCount=90 Alive0=154 B0Z2=-1 B1Z2=-1 P0On=False P1On=True P2On=False]
[Step=124 AgentCount=154 FoodCount=90 Alive0=154 B0Z2=-1 B1Z2=-1 P0On=False P1On=True P2On=False]
[Step=125 AgentCount=154 FoodCount=90 Alive0=154 B0Z2=-1 B1Z2=-1 P0On=False P1On=True P2On=False]
[Step=126 AgentCount=154 FoodCount=90 Alive0=154 B0Z2=-1 B1Z2=-1 P0On=False P1On=True P2On=False]
[Step=127 AgentCount=154 FoodCount=90 Alive0=154 B0Z2=-1 B1Z2=-1 P0On=False P1On=True P2On=False]
[Step=128 AgentCount=154 FoodCount=90 Alive0=154 B0Z2=-1 B1Z2=-1 P0On=False P1On=True P2On=False]
[Step=129 AgentCount=155 FoodCount=90 Alive0=155 B0Z2=-1 B1Z2=-1 P0On=False P1On=True P2On=False]
[Step=130 AgentCount=154 FoodCount=90 Alive0=154 B0Z2=-1 B1Z2=-1 P0On=False P1On=True P2On=False]
[Step=131 AgentCount=154 FoodCount=0 Alive0=154 B0Z2=-1 B1Z2=-1 P0On=False P1On=False P2On=True]
[Step=132 AgentCount=153 FoodCount=0 Alive0=153 B0Z2=-1 B1Z2=-1 P0On=False P1On=False P2On=False]
[Step=133 AgentCount=155 FoodCount=0 Alive0=155 B0Z2=-1 B1Z2=-1 P0On=False P1On=False P2On=False]
[Step=134 AgentCount=156 FoodCount=0 Alive0=156 B0Z2=-1 B1Z2=-1 P0On=False P1On=False P2On=False]
[Step=135 AgentCount=155 FoodCount=0 Alive0=155 B0Z2=-1 B1Z2=-1 P0On=False P1On=False P2On=False]
[Step=136 AgentCount=160 FoodCount=0 Alive0=160 B0Z2=-1 B1Z2=-1 P0On=False P1On=False P2On=False]
[Step=137 AgentCount=159 FoodCount=90 Alive0=159 B0Z2=-1 B1Z2=-1 P0On=False P1On=True P2On=False]
[Step=138 AgentCount=158 FoodCount=90 Alive0=158 B0Z2=-1 B1Z2=-1 P0On=False P1On=True P2On=False]
[Step=139 AgentCount=158 FoodCount=90 Alive0=158 B0Z2=-1 B1Z2=-1 P0On=False P1On=True P2On=False]
[Step=140 AgentCount=159 FoodCount=90 Alive0=159 B0Z2=-1 B1Z2=-1 P0On=False P1On=True P2On=False]
[Step=141 AgentCount=159 FoodCount=90 Alive0=159 B0Z2=-1 B1Z2=-1 P0On=False P1On=True P2On=False]
[Step=142 AgentCount=159 FoodCount=90 Alive0=159 B0Z2=-1 B1Z2=-1 P0On=False P1On=True P2On=False]
[Step=143 AgentCount=159 FoodCount=90 Alive0=159 B0Z2=-1 B1Z2=-1 P0On=False P1On=True P2On=False]
[Step=144 AgentCount=159 FoodCount=90 Alive0=159 B0Z2=-1 B1Z2=-1 P0On=False P1On=True P2On=False]
[Step=145 AgentCount=158 FoodCount=90 Alive0=158 B0Z2=-1 B1Z2=-1 P0On=False P1On=True P2On=False]
[Step=146 AgentCount=158 FoodCount=90 Alive0=158 B0Z2=-1 B1Z2=-1 P0On=False P1On=True P2On=False]
[Step=147 AgentCount=160 FoodCount=90 Alive0=160 B0Z2=-1 B1Z2=-1 P0On=False P1On=True P2On=False]
[Step=148 AgentCount=160 FoodCount=90 Alive0=160 B0Z2=-1 B1Z2=-1 P0On=False P1On=True P2On=False]
[Step=149 AgentCount=161 FoodCount=90 Alive0=161 B0Z2=-1 B1Z2=-1 P0On=False P1On=True P2On=False]
[Step=150 AgentCount=162 FoodCount=90 Alive0=162 B0Z2=-1 B1Z2=-1 P0On=False P1On=True P2On=False]
[Step=151 AgentCount=162 FoodCount=90 Alive0=162 B0Z2=-1 B1Z2=-1 P0On=False P1On=True P2On=False]
[Step=152 AgentCount=162 FoodCount=90 Alive0=162 B0Z2=-1 B1Z2=-1 P0On=False P1On=True P2On=False]
[Step=153 AgentCount=162 FoodCount=90 Alive0=162 B0Z2=-1 B1Z2=-1 P0On=False P1On=True P2On=False]
[Step=154 AgentCount=164 FoodCount=90 Alive0=164 B0Z2=-1 B1Z2=-1 P0On=False P1On=True P2On=False]
[Step=155 AgentCount=164 FoodCount=90 Alive0=164 B0Z2=-1 B1Z2=-1 P0On=False P1On=True P2On=False]
[Step=156 AgentCount=164 FoodCount=90 Alive0=164 B0Z2=-1 B1Z2=-1 P0On=False P1On=True P2On=False]
[Step=157 AgentCount=164 FoodCount=0 Alive0=164 B0Z2=-1 B1Z2=-1 P0On=False P1On=False P2On=True]
[Step=158 AgentCount=163 FoodCount=0 Alive0=163 B0Z2=-1 B1Z2=-1 P0On=False P1On=False P2On=False]
[Step=159 AgentCount=164 FoodCount=0 Alive0=164 B0Z2=-1 B1Z2=-1 P0On=False P1On=False P2On=False]
[Step=160 AgentCount=164 FoodCount=0 Alive0=164 B0Z2=-1 B1Z2=-1 P0On=False P1On=False P2On=False]
[Step=161 AgentCount=170 FoodCount=0 Alive0=170 B0Z2=-1 B1Z2=-1 P0On=False P1On=False P2On=False]
[Step=162 AgentCount=170 FoodCount=0 Alive0=170 B0Z2=-1 B1Z2=-1 P0On=False P1On=False P2On=False]
[Step=163 AgentCount=169 FoodCount=90 Alive0=169 B0Z2=-1 B1Z2=-1 P0On=False P1On=True P2On=False]
[Step=164 AgentCount=169 FoodCount=90 Alive0=169 B0Z2=-1 B1Z2=-1 P0On=False P1On=True P2On=False]
[Step=165 AgentCount=169 FoodCount=90 Alive0=169 B0Z2=-1 B1Z2=-1 P0On=False P1On=True P2On=False]
[Step=166 AgentCount=169 FoodCount=90 Alive0=169 B0Z2=-1 B1Z2=-1 P0On=False P1On=True P2On=False]
[Step=167 AgentCount=169 FoodCount=90 Alive0=169 B0Z2=-1 B1Z2=-1 P0On=False P1On=True P2On=False]
[Step=168 AgentCount=169 FoodCount=90 Alive0=169 B0Z2=-1 B1Z2=-1 P0On=False P1On=True P2On=False]
[Step=169 AgentCount=169 FoodCount=90 Alive0=169 B0Z2=-1 B1Z2=-1 P0On=False P1On=True P2On=False]
[Step=170 AgentCount=169 FoodCount=90 Alive0=169 B0Z2=-1 B1Z2=-1 P0On=False P1On=True P2On=False]
[Step=171 AgentCount=168 FoodCount=90 Alive0=168 B0Z2=-1 B1Z2=-1 P0On=False P1On=True P2On=False]
[Step=172 AgentCount=169 FoodCount=90 Alive0=169 B0Z2=-1 B1Z2=-1 P0On=False P1On=True P2On=False]
[Step=173 AgentCount=170 FoodCount=90 Alive0=170 B0Z2=-1 B1Z2=-1 P0On=False P1On=True P2On=False]
[Step=174 AgentCount=169 FoodCount=90 Alive0=169 B0Z2=-1 B1Z2=-1 P0On=False P1On=True P2On=False]
[Step=175 AgentCount=171 FoodCount=90 Alive0=171 B0Z2=-1 B1Z2=-1 P0On=False P1On=True P2On=False]
[Step=176 AgentCount=171 FoodCount=90 Alive0=171 B0Z2=-1 B1Z2=-1 P0On=False P1On=True P2On=False]
[Step=177 AgentCount=172 FoodCount=90 Alive0=172 B0Z2=-1 B1Z2=-1 P0On=False P1On=True P2On=False]
[Step=178 AgentCount=173 FoodCount=90 Alive0=173 B0Z2=-1 B1Z2=-1 P0On=False P1On=True P2On=False]
[Step=179 AgentCount=173 FoodCount=90 Alive0=173 B0Z2=-1 B1Z2=-1 P0On=False P1On=True P2On=False]
[Step=180 AgentCount=173 FoodCount=90 Alive0=173 B0Z2=-1 B1Z2=-1 P0On=False P1On=True P2On=False]
[Step=181 AgentCount=174 FoodCount=90 Alive0=174 B0Z2=-1 B1Z2=-1 P0On=False P1On=True P2On=False]
[Step=182 AgentCount=172 FoodCount=90 Alive0=172 B0Z2=-1 B1Z2=-1 P0On=False P1On=True P2On=False]
[Step=183 AgentCount=173 FoodCount=0 Alive0=173 B0Z2=-1 B1Z2=-1 P0On=False P1On=False P2On=True]
[Step=184 AgentCount=174 FoodCount=0 Alive0=174 B0Z2=-1 B1Z2=-1 P0On=False P1On=False P2On=False]
[Step=185 AgentCount=174 FoodCount=0 Alive0=174 B0Z2=-1 B1Z2=-1 P0On=False P1On=False P2On=False]
[Step=186 AgentCount=184 FoodCount=0 Alive0=184 B0Z2=-1 B1Z2=-1 P0On=False P1On=False P2On=False]
[Step=187 AgentCount=184 FoodCount=0 Alive0=184 B0Z2=-0.9999 B1Z2=-0.9999 P0On=False P1On=False P2On=False]
[Step=188 AgentCount=183 FoodCount=0 Alive0=183 B0Z2=-0.9998 B1Z2=-0.9998 P0On=False P1On=False P2On=False]
[Step=189 AgentCount=180 FoodCount=90 Alive0=180 B0Z2=-0.9997 B1Z2=-0.9997 P0On=False P1On=True P2On=False]
[Step=190 AgentCount=180 FoodCount=90 Alive0=180 B0Z2=-0.9996 B1Z2=-0.9996 P0On=False P1On=True P2On=False]
[Step=191 AgentCount=179 FoodCount=90 Alive0=179 B0Z2=-0.9995 B1Z2=-0.9995 P0On=False P1On=True P2On=False]
[Step=192 AgentCount=179 FoodCount=90 Alive0=179 B0Z2=-0.9994 B1Z2=-0.9994 P0On=False P1On=True P2On=False]
[Step=193 AgentCount=179 FoodCount=90 Alive0=179 B0Z2=-0.9993 B1Z2=-0.9993 P0On=False P1On=True P2On=False]
[Step=194 AgentCount=179 FoodCount=90 Alive0=179 B0Z2=-0.9992 B1Z2=-0.9992 P0On=False P1On=True P2On=False]
[Step=195 AgentCount=179 FoodCount=90 Alive0=179 B0Z2=-0.9991 B1Z2=-0.9991 P0On=False P1On=True P2On=False]
[Step=196 AgentCount=179 FoodCount=90 Alive0=179 B0Z2=-0.999 B1Z2=-0.999 P0On=False P1On=True P2On=False]
[Step=197 AgentCount=178 FoodCount=90 Alive0=178 B0Z2=-0.9989 B1Z2=-0.9989 P0On=False P1On=True P2On=False]
[Step=198 AgentCount=176 FoodCount=90 Alive0=176 B0Z2=-0.9988 B1Z2=-0.9988 P0On=False P1On=True P2On=False]
[Step=199 AgentCount=178 FoodCount=90 Alive0=178 B0Z2=-0.9987 B1Z2=-0.9987 P0On=False P1On=True P2On=False]
[Step=200 AgentCount=180 FoodCount=90 Alive0=180 B0Z2=-0.9986 B1Z2=-0.9986 P0On=False P1On=True P2On=False]
[Step=201 AgentCount=180 FoodCount=90 Alive0=180 B0Z2=-0.9985 B1Z2=-0.9985 P0On=False P1On=True P2On=False]
[Step=202 AgentCount=179 FoodCount=90 Alive0=179 B0Z2=-0.9984 B1Z2=-0.9984 P0On=False P1On=True P2On=False]
[Step=203 AgentCount=180 FoodCount=90 Alive0=180 B0Z2=-0.9983 B1Z2=-0.9983 P0On=False P1On=True P2On=False]
[Step=204 AgentCount=179 FoodCount=90 Alive0=179 B0Z2=-0.9982 B1Z2=-0.9982 P0On=False P1On=True P2On=False]
[Step=205 AgentCount=180 FoodCount=90 Alive0=180 B0Z2=-0.9981 B1Z2=-0.9981 P0On=False P1On=True P2On=False]
[Step=206 AgentCount=181 FoodCount=90 Alive0=181 B0Z2=-0.998 B1Z2=-0.998 P0On=False P1On=True P2On=False]
[Step=207 AgentCount=183 FoodCount=90 Alive0=183 B0Z2=-0.9979 B1Z2=-0.9979 P0On=False P1On=True P2On=False]
[Step=208 AgentCount=183 FoodCount=90 Alive0=183 B0Z2=-0.9978 B1Z2=-0.9978 P0On=False P1On=True P2On=False]
[Step=209 AgentCount=185 FoodCount=0 Alive0=185 B0Z2=-0.9977 B1Z2=-0.9977 P0On=False P1On=False P2On=True]
[Step=210 AgentCount=186 FoodCount=0 Alive0=186 B0Z2=-0.9976 B1Z2=-0.9976 P0On=False P1On=False P2On=False]
[Step=211 AgentCount=199 FoodCount=0 Alive0=199 B0Z2=-0.9975 B1Z2=-0.9975 P0On=False P1On=False P2On=False]
[Step=212 AgentCount=197 FoodCount=0 Alive0=197 B0Z2=-0.9974 B1Z2=-0.9974 P0On=False P1On=False P2On=False]
[Step=213 AgentCount=197 FoodCount=0 Alive0=197 B0Z2=-0.9973 B1Z2=-0.9973 P0On=False P1On=False P2On=False]
[Step=214 AgentCount=197 FoodCount=0 Alive0=197 B0Z2=-0.9972 B1Z2=-0.9972 P0On=False P1On=False P2On=False]
[Step=215 AgentCount=193 FoodCount=90 Alive0=193 B0Z2=-0.9971 B1Z2=-0.9971 P0On=False P1On=True P2On=False]
[Step=216 AgentCount=192 FoodCount=90 Alive0=192 B0Z2=-0.997 B1Z2=-0.997 P0On=False P1On=True P2On=False]
[Step=217 AgentCount=191 FoodCount=90 Alive0=191 B0Z2=-0.996899 B1Z2=-0.996899 P0On=False P1On=True P2On=False]
[Step=218 AgentCount=191 FoodCount=90 Alive0=191 B0Z2=-0.996799 B1Z2=-0.996799 P0On=False P1On=True P2On=False]
[Step=219 AgentCount=190 FoodCount=90 Alive0=190 B0Z2=-0.996699 B1Z2=-0.996699 P0On=False P1On=True P2On=False]
[Step=220 AgentCount=189 FoodCount=90 Alive0=189 B0Z2=-0.996599 B1Z2=-0.996599 P0On=False P1On=True P2On=False]
[Step=221 AgentCount=189 FoodCount=90 Alive0=189 B0Z2=-0.996499 B1Z2=-0.996499 P0On=False P1On=True P2On=False]
[Step=222 AgentCount=188 FoodCount=90 Alive0=188 B0Z2=-0.996399 B1Z2=-0.996399 P0On=False P1On=True P2On=False]
[Step=223 AgentCount=189 FoodCount=90 Alive0=189 B0Z2=-0.996299 B1Z2=-0.996299 P0On=False P1On=True P2On=False]
[Step=224 AgentCount=188 FoodCount=90 Alive0=188 B0Z2=-0.996199 B1Z2=-0.996199 P0On=False P1On=True P2On=False]
[Step=225 AgentCount=188 FoodCount=90 Alive0=188 B0Z2=-0.996099 B1Z2=-0.996099 P0On=False P1On=True P2On=False]
[Step=226 AgentCount=188 FoodCount=90 Alive0=188 B0Z2=-0.995999 B1Z2=-0.995999 P0On=False P1On=True P2On=False]
[Step=227 AgentCount=188 FoodCount=90 Alive0=188 B0Z2=-0.995899 B1Z2=-0.995899 P0On=False P1On=True P2On=False]
[Step=228 AgentCount=188 FoodCount=90 Alive0=188 B0Z2=-0.995799 B1Z2=-0.995799 P0On=False P1On=True P2On=False]
[Step=229 AgentCount=189 FoodCount=90 Alive0=189 B0Z2=-0.995699 B1Z2=-0.995699 P0On=False P1On=True P2On=False]
[Step=230 AgentCount=188 FoodCount=90 Alive0=188 B0Z2=-0.995599 B1Z2=-0.995599 P0On=False P1On=True P2On=False]
[Step=231 AgentCount=185 FoodCount=90 Alive0=185 B0Z2=-0.995499 B1Z2=-0.995499 P0On=False P1On=True P2On=False]
[Step=232 AgentCount=186 FoodCount=90 Alive0=186 B0Z2=-0.995399 B1Z2=-0.995399 P0On=False P1On=True P2On=False]
[Step=233 AgentCount=187 FoodCount=90 Alive0=187 B0Z2=-0.995299 B1Z2=-0.995299 P0On=False P1On=True P2On=False]
[Step=234 AgentCount=188 FoodCount=90 Alive0=188 B0Z2=-0.995199 B1Z2=-0.995199 P0On=False P1On=True P2On=False]
[Step=235 AgentCount=188 FoodCount=0 Alive0=188 B0Z2=-0.995099 B1Z2=-0.995099 P0On=False P1On=False P2On=True]
[Step=236 AgentCount=201 FoodCount=0 Alive0=201 B0Z2=-0.994999 B1Z2=-0.994999 P0On=False P1On=False P2On=False]
[Step=237 AgentCount=200 FoodCount=0 Alive0=200 B0Z2=-0.994899 B1Z2=-0.994899 P0On=False P1On=False P2On=False]
[Step=238 AgentCount=199 FoodCount=0 Alive0=199 B0Z2=-0.994799 B1Z2=-0.994799 P0On=False P1On=False P2On=False]
[Step=239 AgentCount=197 FoodCount=0 Alive0=197 B0Z2=-0.994699 B1Z2=-0.994699 P0On=False P1On=False P2On=False]
[Step=240 AgentCount=197 FoodCount=0 Alive0=197 B0Z2=-0.994599 B1Z2=-0.994599 P0On=False P1On=False P2On=False]
[Step=241 AgentCount=194 FoodCount=90 Alive0=194 B0Z2=-0.994499 B1Z2=-0.994499 P0On=False P1On=True P2On=False]
[Step=242 AgentCount=194 FoodCount=90 Alive0=194 B0Z2=-0.994399 B1Z2=-0.994399 P0On=False P1On=True P2On=False]
[Step=243 AgentCount=195 FoodCount=90 Alive0=195 B0Z2=-0.994299 B1Z2=-0.994299 P0On=False P1On=True P2On=False]
[Step=244 AgentCount=195 FoodCount=90 Alive0=195 B0Z2=-0.994199 B1Z2=-0.994199 P0On=False P1On=True P2On=False]
[Step=245 AgentCount=195 FoodCount=90 Alive0=195 B0Z2=-0.994099 B1Z2=-0.994099 P0On=False P1On=True P2On=False]
[Step=246 AgentCount=195 FoodCount=90 Alive0=195 B0Z2=-0.993999 B1Z2=-0.993999 P0On=False P1On=True P2On=False]
[Step=247 AgentCount=192 FoodCount=90 Alive0=192 B0Z2=-0.993899 B1Z2=-0.993899 P0On=False P1On=True P2On=False]
[Step=248 AgentCount=192 FoodCount=90 Alive0=192 B0Z2=-0.993799 B1Z2=-0.993799 P0On=False P1On=True P2On=False]
[Step=249 AgentCount=192 FoodCount=90 Alive0=192 B0Z2=-0.993699 B1Z2=-0.993699 P0On=False P1On=True P2On=False]
[Step=250 AgentCount=194 FoodCount=90 Alive0=194 B0Z2=-0.993599 B1Z2=-0.993599 P0On=False P1On=True P2On=False]
[Step=251 AgentCount=194 FoodCount=90 Alive0=194 B0Z2=-0.993499 B1Z2=-0.993499 P0On=False P1On=True P2On=False]
[Step=252 AgentCount=192 FoodCount=90 Alive0=192 B0Z2=-0.993399 B1Z2=-0.993399 P0On=False P1On=True P2On=False]
[Step=253 AgentCount=191 FoodCount=90 Alive0=191 B0Z2=-0.993299 B1Z2=-0.993299 P0On=False P1On=True P2On=False]
[Step=254 AgentCount=189 FoodCount=90 Alive0=189 B0Z2=-0.993199 B1Z2=-0.993199 P0On=False P1On=True P2On=False]
[Step=255 AgentCount=190 FoodCount=90 Alive0=190 B0Z2=-0.993099 B1Z2=-0.993099 P0On=False P1On=True P2On=False]
[Step=256 AgentCount=191 FoodCount=90 Alive0=191 B0Z2=-0.992999 B1Z2=-0.992999 P0On=False P1On=True P2On=False]
[Step=257 AgentCount=191 FoodCount=90 Alive0=191 B0Z2=-0.992899 B1Z2=-0.992899 P0On=False P1On=True P2On=False]
[Step=258 AgentCount=188 FoodCount=90 Alive0=188 B0Z2=-0.992799 B1Z2=-0.992799 P0On=False P1On=True P2On=False]
[Step=259 AgentCount=188 FoodCount=90 Alive0=188 B0Z2=-0.992699 B1Z2=-0.992699 P0On=False P1On=True P2On=False]
[Step=260 AgentCount=185 FoodCount=90 Alive0=185 B0Z2=-0.992599 B1Z2=-0.992599 P0On=False P1On=True P2On=False]
[Step=261 AgentCount=199 FoodCount=0 Alive0=199 B0Z2=-0.992499 B1Z2=-0.992499 P0On=False P1On=False P2On=True]
[Step=262 AgentCount=199 FoodCount=0 Alive0=199 B0Z2=-0.992399 B1Z2=-0.992399 P0On=False P1On=False P2On=False]
[Step=263 AgentCount=198 FoodCount=0 Alive0=198 B0Z2=-0.992299 B1Z2=-0.992299 P0On=False P1On=False P2On=False]
[Step=264 AgentCount=197 FoodCount=0 Alive0=197 B0Z2=-0.992199 B1Z2=-0.992199 P0On=False P1On=False P2On=False]
[Step=265 AgentCount=196 FoodCount=0 Alive0=196 B0Z2=-0.992099 B1Z2=-0.992099 P0On=False P1On=False P2On=False]
[Step=266 AgentCount=196 FoodCount=0 Alive0=196 B0Z2=-0.991999 B1Z2=-0.991999 P0On=False P1On=False P2On=False]
[Step=267 AgentCount=192 FoodCount=90 Alive0=192 B0Z2=-0.991899 B1Z2=-0.991899 P0On=False P1On=True P2On=False]
[Step=268 AgentCount=191 FoodCount=90 Alive0=191 B0Z2=-0.991799 B1Z2=-0.991799 P0On=False P1On=True P2On=False]
[Step=269 AgentCount=190 FoodCount=90 Alive0=190 B0Z2=-0.991699 B1Z2=-0.991699 P0On=False P1On=True P2On=False]
[Step=270 AgentCount=189 FoodCount=90 Alive0=189 B0Z2=-0.991599 B1Z2=-0.991599 P0On=False P1On=True P2On=False]
[Step=271 AgentCount=187 FoodCount=90 Alive0=187 B0Z2=-0.991499 B1Z2=-0.991499 P0On=False P1On=True P2On=False]
[Step=272 AgentCount=187 FoodCount=90 Alive0=187 B0Z2=-0.991399 B1Z2=-0.991399 P0On=False P1On=True P2On=False]
[Step=273 AgentCount=187 FoodCount=90 Alive0=187 B0Z2=-0.991299 B1Z2=-0.991299 P0On=False P1On=True P2On=False]
[Step=274 AgentCount=186 FoodCount=90 Alive0=186 B0Z2=-0.991199 B1Z2=-0.991199 P0On=False P1On=True P2On=False]
[Step=275 AgentCount=188 FoodCount=90 Alive0=188 B0Z2=-0.991099 B1Z2=-0.991099 P0On=False P1On=True P2On=False]
[Step=276 AgentCount=187 FoodCount=90 Alive0=187 B0Z2=-0.990999 B1Z2=-0.990999 P0On=False P1On=True P2On=False]
[Step=277 AgentCount=186 FoodCount=90 Alive0=186 B0Z2=-0.990898 B1Z2=-0.990898 P0On=False P1On=True P2On=False]
[Step=278 AgentCount=186 FoodCount=90 Alive0=186 B0Z2=-0.990798 B1Z2=-0.990798 P0On=False P1On=True P2On=False]
[Step=279 AgentCount=184 FoodCount=90 Alive0=184 B0Z2=-0.990698 B1Z2=-0.990698 P0On=False P1On=True P2On=False]
[Step=280 AgentCount=183 FoodCount=90 Alive0=183 B0Z2=-0.990598 B1Z2=-0.990598 P0On=False P1On=True P2On=False]
[Step=281 AgentCount=184 FoodCount=90 Alive0=184 B0Z2=-0.990498 B1Z2=-0.990498 P0On=False P1On=True P2On=False]
[Step=282 AgentCount=182 FoodCount=90 Alive0=182 B0Z2=-0.990398 B1Z2=-0.990398 P0On=False P1On=True P2On=False]
[Step=283 AgentCount=181 FoodCount=90 Alive0=181 B0Z2=-0.990298 B1Z2=-0.990298 P0On=False P1On=True P2On=False]
[Step=284 AgentCount=182 FoodCount=90 Alive0=182 B0Z2=-0.990198 B1Z2=-0.990198 P0On=False P1On=True P2On=False]
[Step=285 AgentCount=181 FoodCount=90 Alive0=181 B0Z2=-0.990098 B1Z2=-0.990098 P0On=False P1On=True P2On=False]
[Step=286 AgentCount=196 FoodCount=90 Alive0=196 B0Z2=-0.989998 B1Z2=-0.989998 P0On=False P1On=True P2On=False]
[Step=287 AgentCount=194 FoodCount=0 Alive0=194 B0Z2=-0.989898 B1Z2=-0.989898 P0On=False P1On=False P2On=True]
[Step=288 AgentCount=192 FoodCount=0 Alive0=192 B0Z2=-0.989798 B1Z2=-0.989798 P0On=False P1On=False P2On=False]
[Step=289 AgentCount=190 FoodCount=0 Alive0=190 B0Z2=-0.989698 B1Z2=-0.989698 P0On=False P1On=False P2On=False]
[Step=290 AgentCount=188 FoodCount=0 Alive0=188 B0Z2=-0.989598 B1Z2=-0.989598 P0On=False P1On=False P2On=False]
[Step=291 AgentCount=188 FoodCount=0 Alive0=188 B0Z2=-0.989498 B1Z2=-0.989498 P0On=False P1On=False P2On=False]
[Step=292 AgentCount=189 FoodCount=0 Alive0=189 B0Z2=-0.989398 B1Z2=-0.989398 P0On=False P1On=False P2On=False]
[Step=293 AgentCount=187 FoodCount=90 Alive0=187 B0Z2=-0.989298 B1Z2=-0.989298 P0On=False P1On=True P2On=False]
[Step=294 AgentCount=184 FoodCount=90 Alive0=184 B0Z2=-0.989198 B1Z2=-0.989198 P0On=False P1On=True P2On=False]
[Step=295 AgentCount=184 FoodCount=90 Alive0=184 B0Z2=-0.989098 B1Z2=-0.989098 P0On=False P1On=True P2On=False]
[Step=296 AgentCount=185 FoodCount=90 Alive0=185 B0Z2=-0.988998 B1Z2=-0.988998 P0On=False P1On=True P2On=False]
[Step=297 AgentCount=182 FoodCount=90 Alive0=182 B0Z2=-0.988898 B1Z2=-0.988898 P0On=False P1On=True P2On=False]
[Step=298 AgentCount=181 FoodCount=90 Alive0=181 B0Z2=-0.988798 B1Z2=-0.988798 P0On=False P1On=True P2On=False]
[Step=299 AgentCount=180 FoodCount=90 Alive0=180 B0Z2=-0.988698 B1Z2=-0.988698 P0On=False P1On=True P2On=False]
[Step=300 AgentCount=180 FoodCount=90 Alive0=180 B0Z2=-0.988598 B1Z2=-0.988598 P0On=False P1On=True P2On=False]
