### GSL_FIXED_A
0 0.83255461115769769 3
1 0.83255461115769769 2
### GSL_FIXED_B
0 1.604712017744792 5
1 -0.63436289900566367 2
2 0.23182615496681044 2
3 0.62614823376700068 2
4 0.41116087039499183 4
### GSL_INJECT_1
0 1.22192121739814 3 2
1 0.869635816822104 7 6
2 1.5885563663678577 9 8
3 -0.18712466972702416 11 10
4 -0.063420026833911347 15 14
5 -0.38589158599075485 17 16
6 -1.0503946386477818 19 18
7 0.95777892846637702 21 20
### GSL_INJECT_7
0 1.22192121739814 2 2
1 0.869635816822104 6 6
2 1.5885563663678577 9 8
3 -0.18712466972702416 11 10
4 -0.063420026833911347 15 14
5 -0.38589158599075485 17 16
6 -1.0503946386477818 19 18
7 0.95777892846637702 21 20
### GSL_NO_INJECT
0 1.22192121739814 2 2
1 0.869635816822104 6 6
2 1.5885563663678577 8 8
3 -0.18712466972702416 10 10
4 -0.063420026833911347 14 14
5 -0.38589158599075485 16 16
6 -1.0503946386477818 18 18
7 0.95777892846637702 20 20
### GSL_DIRECT_MT42
0 1.22192121739814
1 0.869635816822104
2 1.5885563663678577
3 -0.18712466972702416
4 -0.063420026833911347
5 -0.38589158599075485
6 -1.0503946386477818
7 0.95777892846637702
### GSLINFO_POLAR
library=libgsl.28.dylib gsl_version=2.8 probe_max=4294967295
gsl_ran_ugaussian draws its polar components with gsl_rng_uniform_pos
(GSL_FIXED_A: 3 draws for the pair (0, 0.75); gsl_rng_uniform would need 4)
