### NRAND_INPUTS
0 s=0.33814120180821383 log=-1.0842917139061725 c=2.5324391647224753 val=1.2384893738165177
1 s=0.62914357991151715 log=-0.46339578138068499 c=1.2137134120848123 val=-0.94406201770939557
2 s=0.0018011026718334324 log=-6.3193562061770061 c=83.768778108878493 val=-0.20114187165331424
3 s=0.59344950849051681 log=-0.52180314270388217 c=1.3261005519073277 val=0.50607297540898744
4 s=0.029616362785517502 log=-3.5194282735799689 c=15.416479029237772 val=-1.1439078499238946
5 s=0.90373805636091109 log=-0.10121572124140167 c=0.47327950654950995 val=0.032157223053672322
6 s=0.3321084478675399 log=-1.1022937132007777 c=2.5764617634938878 val=1.3903208165158827
7 s=0.6690276100562158 log=-0.40192994906842405 c=1.0961453890997379 val=0.89628027535562671
8 s=0.0052248467063923717 log=-5.2543298200511428 c=44.847360384573328 val=3.2280903269067904
9 s=0.10594403045464314 log=-2.2448443388976953 c=6.5098333103717225 val=-0.81193874051163495
### GAUSS_INPUTS
0 r2=0.41471169758424176 log=-0.88017170478679208 val=1.22192121739814
1 r2=0.52819296588941578 log=-0.63829359634254657 val=0.869635816822104
2 r2=0.07645380273622468 log=-2.5710686063631032 val=1.5885563663678577
3 r2=0.48502906882381469 log=-0.72354645412152174 val=-0.18712466972702416
4 r2=0.78780299177152346 log=-0.23850723082430761 val=-0.063420026833911347
5 r2=0.64695119114269295 log=-0.43548442605533033 val=-0.38589158599075485
6 r2=0.55107343148420462 log=-0.59588720922749583 val=-1.0503946386477818
7 r2=0.2642461168167109 log=-1.3308743494515489 val=0.95777892846637702
8 r2=0.45613843566988954 log=-0.78495892854558647 val=0.43590277732732391
9 r2=0.20315011558702775 log=-1.5938100875747618 val=0.88455689175917041
### LOG_CORPUS
0.06117226027800271 -2.7940614556501053
0.29555404800655083 -1.2189035552853358
0.76558454198869796 -0.26711562976209458
0.58547126580646847 -0.53533817348260415
0.47446988861800676 -0.74555712212805647
0.012732449671588597 -4.3636014519650566
0.097144680234432457 -2.3315538629242405
0.15890343072268109 -1.8394586152214289
0.75406965309813145 -0.28227053712654354
0.59490598022307495 -0.51935190235422579
0.97353704764263327 -0.026819398763918423
0.94884922191474885 -0.052505374012259534
0.300603085227511 -1.2019645381513588
0.16545200379347591 -1.7990741335154414
0.52761458822396534 -0.63938920836209034
0.27480576871322882 -1.2916907264480619
0.9413893010649339 -0.060398514999015711
0.84409414871973354 -0.16949123999168919
0.86998975050523697 -0.13927384843136775
0.76435239131479449 -0.26872635098004216
0.73172831937872118 -0.31234598230316102
0.4823437249765874 -0.72909829672440041
0.25252425860494654 -1.3762479611985468
0.43538743558396931 -0.83151898777774191
0.91881285297879245 -0.084672819389555717
0.56489884579633554 -0.57110859785298052
0.57879988718933006 -0.54679847912923285
0.64939676471616536 -0.43171140128427798
0.32876544158334653 -1.1124107259975158
0.75415908466705162 -0.28215194560685469
0.012374426176219089 -4.3921233412009437
0.061374034486270546 -2.790768424375786
0.56995626260016152 -0.56219565337803168
0.35549338781729034 -1.0342486295818869
0.94179428789972164 -0.059968406279500244
0.97091683998866785 -0.029514458036435317
0.71152310000134733 -0.34034739535754843
0.25995551136757911 -1.3472447727323127
0.82810843332569206 -0.18861117504832725
0.1647260993624613 -1.8034711882785182
0.046656583550461761 -3.0649412351625505
0.32037602405750931 -1.1382598978691147
0.92057778731615869 -0.082753776375690355
0.30140269648982354 -1.1993080462809116
0.31561374350222948 -1.153236143739846
0.29339947334200644 -1.2262202082918863
0.6170953883803314 -0.48273166673387152
0.63385450255577069 -0.45593584211900928
0.3015889720376812 -1.1986902083786466
0.35693121719137366 -1.0302121846972674
0.45834548832051425 -0.78013203792919228
0.79221249816431083 -0.23292561739224674
0.059636454621358581 -2.8194882371745575
0.22808723862696922 -1.478027097653305
0.67287999418320155 -0.39618827997258493
0.0009458859188029578 -6.9633885894158896
0.55905984467230851 -0.5814987548983227
0.26520354737789376 -1.3272576445234889
0.58114834145883876 -0.54274923379163353
0.40852688049350405 -0.89519756392532224
0.15544621592691854 -1.8614554854760201
0.85848609555382893 -0.15258479498563415
0.47027741603818285 -0.7544325115154622
0.7378153517486723 -0.30406168656968513
0.83032995113922325 -0.18593212569316281
0.38281905439518482 -0.96019284427018414
0.17138181552889975 -1.7638613722105112
0.68222573887323534 -0.38239468049027159
0.39296102581313974 -0.93404484298957247
0.0040753794839787361 -5.5027914117224084
0.11383687066298975 -2.1729888144839382
0.97924271237692295 -0.020975748509410145
0.0065789339911681566 -5.0238825541907834
0.46359039477738406 -0.76875388650299747
0.15583774718383481 -1.8589398951482858
0.88213199849790414 -0.12541357601212208
0.23584109223542171 -1.4445970387358613
0.39649321396065318 -0.92509635290702885
0.76039293029111477 -0.27391996576627198
0.45653765974235938 -0.78408408565238741
0.89563076032942845 -0.11022704878947953
0.81619375340713418 -0.20310350930223442
0.81647976994254279 -0.20275314343392822
0.27548100832905931 -1.2892365880500349
0.97550714540297534 -0.024797794083701113
0.68297143698036678 -0.38130224022672293
0.51536884856332321 -0.6628724238723922
0.33911827877491163 -1.081406327514119
0.80781722263734324 -0.21341945565754245
0.2984070115167583 -1.2092969138885077
0.55417303549743835 -0.5902783025593209
0.460138264226579 -0.77622826025682679
0.0083477229446096146 -4.7857664785534757
0.97406774558710651 -0.026274423767499507
0.62769152734932376 -0.46570643167977316
0.62817639091866084 -0.46493427469355686
0.94186451853227382 -0.059893837963470919
0.62275023555125131 -0.47360974659623944
0.71391925271019474 -0.33698541448017627
0.58400222882057307 -0.53785047968760868
0.024598093563287904 -3.7050863364742215
0.73968065449240328 -0.30153673391078961
0.28962305614023975 -1.2391750078956598
0.72404227662214993 -0.32290549517671635
0.87344573170165418 -0.13530927875455154
0.57097111384621257 -0.5604166593164398
0.014718382186099888 -4.2186580775571016
0.63619307820213322 -0.45225317963490425
0.52725629769507876 -0.64006851527528175
0.014559426924407148 -4.2295165965756274
0.98550906815250627 -0.014596950856347561
0.79765038812410438 -0.2260848876507765
0.90704984878874839 -0.097557870301452521
0.13766953057384512 -1.982899171705754
0.71799863681765075 -0.3312876085183743
0.8940422680110558 -0.11200222527184571
0.63553459618812624 -0.45328875051397538
0.81299769840909164 -0.20702700042346084
0.12738946978381804 -2.060506194018267
0.63654672636268828 -0.45169745226881075
0.91607575949374009 -0.087656210857136166
0.32745702891014616 -1.1163984419502095
0.91562675118801096 -0.088146474218248866
0.040561873998662179 -3.2049267176437057
0.56972743051726482 -0.56259722459880757
0.37212607668671183 -0.98852256630349133
0.66561241256175308 -0.40704774096850427
0.70716761833642039 -0.34648755725847286
0.56656749965577902 -0.56815905352778107
0.31539847787641406 -1.1539184304749455
0.22183079522495674 -1.5058403713908728
0.42898672464384191 -0.84632930541907236
0.56300981054990373 -0.57445822550598502
0.34419556346664137 -1.0665452846932251
0.46903768922569711 -0.75707215294223373
0.27765869374487551 -1.2813626398997087
0.49676480958160951 -0.69963858504723098
0.9470848198081967 -0.054366622955613272
0.71293811999593615 -0.33836065055865044
0.46414640590044343 -0.76755524656713792
0.20056285837880594 -1.6066275732451958
0.34047020622371349 -1.0774276572981247
0.53211104808269383 -0.63090307442548377
0.57929192223729586 -0.54594874498282608
0.10765089238640613 -2.2288617655042562
0.10253733790480624 -2.2775282744926875
0.17465133603486649 -1.7449636579740351
0.094838280654137463 -2.3555821468596649
0.34755604923738659 -1.0568293342141126
0.29282395073919076 -1.2281837012676879
0.48503623227784587 -0.72353168510747046
0.14957763509723776 -1.8999397226308186
0.10893706961244121 -2.2169849064847682
0.2772454458125253 -1.2828520791714237
0.58865553709129514 -0.52991409307849835
0.96703672796687812 -0.033518802898639136
0.89489850301315599 -0.11104497159262734
0.94386322758948893 -0.057774009361714618
0.4584668631198916 -0.77986726226403946
0.69645751769137831 -0.36174848160471307
0.86043184389120952 -0.15032087170717684
0.84399156369462958 -0.1696127800586133
0.31867029469254859 -1.1435982696451963
0.87468786968708656 -0.13388817662197963
0.52530449237493215 -0.64377719904102415
0.40237336828577952 -0.91037484457914231
0.085585599102582677 -2.4582382447704116
0.050503621510607388 -2.9857102321907485
0.85049969091463495 -0.1619312305623537
0.85071820774135176 -0.16167433598336864
0.64063026140949475 -0.44530280375719578
0.76300311450368241 -0.27049316578768551
0.58210114602944785 -0.54111105592190178
0.10811350926759644 -2.2245735920470624
0.3121333147624874 -1.1643248915300091
0.030837507131529662 -3.4790235658650865
0.36132271548098416 -1.017983771282637
0.882543982572912 -0.12494665280705544
0.10249853321654356 -2.2779067905885664
0.68857891202208776 -0.37312535296999133
0.90933913812297718 -0.095037165140945026
0.73846120445357144 -0.30318671129030383
0.72889635601384484 -0.31622372990150699
0.34052269192650186 -1.0772735126571604
0.48493611888111232 -0.7237381103668491
0.47013672848873966 -0.75473171490646074
0.69628723383651092 -0.36199301148792262
0.82133417194032887 -0.19682522196611302
0.2241499673036067 -1.4954399542490611
0.55913452955242349 -0.58136517368570428
0.34135524110109472 -1.0748315811970652
0.92847263885033016 -0.07421436674383923
0.17451623739066591 -1.7457374907192513
0.76200363801601156 -0.27180394900765992
0.97818009646097082 -0.022061478189824051
0.78517086590336049 -0.24185392131384698
0.18092624145977609 -1.7096658365164354
0.47219602383732706 -0.75036107487162595
0.047643488809708145 -3.0440093043949799
0.60745558513175268 -0.49847621733439951
0.94215772413386745 -0.059582583035242644
0.69485971871063157 -0.36404529737232727
0.0822221307367208 -2.4983307827822636
0.37742739211373788 -0.9743770675640866
0.79178419665071331 -0.23346640327322432
0.54676937758678434 -0.60372817865085104
0.60866056807594404 -0.49649452613598277
0.10156657219783227 -2.2870408117755345
0.14738425908450736 -1.9147120954008654
0.69408754166377662 -0.36515718570450206
0.038861775408985721 -3.2477441487634113
0.98160834527676144 -0.018562883913382511
0.27890049124438931 -1.2769002229863535
0.13137633589512632 -2.0296892812724869
0.56312827563615642 -0.57424783374649679
0.11157610065938428 -2.1930484037663289
0.55989498446976782 -0.58000604057102334
0.01540277766713416 -4.17320741783118
0.93170124951198474 -0.070743063416874169
0.79353839695821904 -0.23125335082506601
0.7516981287786173 -0.28542046012119854
0.74152785205576777 -0.2990425563351084
0.36557516085627739 -1.0062833824753261
0.43285389668556462 -0.83735502896844261
0.02555667534250361 -3.6668567306049895
0.19919158548995597 -1.6134881762401225
0.20413112749748663 -1.5889927097832666
0.31800205393285097 -1.1456974373144826
0.3254891755609215 -1.1224260726916231
0.7921800862203412 -0.23296653142364729
0.0066789293821010176 -5.0087975764191013
0.63810533859574292 -0.44925190174925467
0.61640946758760506 -0.48384381616742689
0.7505874792210534 -0.28689907344745358
0.86209547619197835 -0.14838925320842322
0.46109512460166258 -0.77415091323317786
0.42806475152280044 -0.8484808062386332
0.90189240753683464 -0.10326004814412947
0.51309206975099286 -0.66729997671593888
0.34594715499678586 -1.061469246812176
0.603461778128068 -0.50507257412367079
0.081206864128859024 -2.5107555017806304
0.41005420397307191 -0.89146592320969908
0.94292778605620953 -0.058765578224570764
0.076855585344009825 -2.5658271331217688
0.93400112046985839 -0.068277641107484674
0.017821259605650397 -4.0273631744964371
0.63638806829387562 -0.45194673144681774
0.95530786459639572 -0.045721619146744989
0.95256399299267969 -0.048597989993758146
0.1042795850557745 -2.2606796690600186
0.68598320686798075 -0.37690213134017125
0.85166923736248989 -0.16055704658745934
0.15984919850616564 -1.8335244175259815
0.54242642065053914 -0.61170283290337624
0.74556911990298858 -0.2936074329075648
0.83610928423695796 -0.17899595166943155
0.14653765735826596 -1.9204728367417851
0.51094423427924696 -0.67149482530259474
0.29634974318100404 -1.2162149573557042
0.1366429062855623 -1.9903842795137823
0.93008887094855197 -0.072475137240683329
0.23875060399162962 -1.4323357698166246
0.77465747599315904 -0.25533431378519272
0.75323932430493201 -0.28337227391659359
0.85486349067082301 -0.15681348282652202
0.4160281202846754 -0.87700242416727503
0.74820878818579928 -0.29007321136615644
0.95993354821802157 -0.040891217522339388
0.02230047100125887 -3.8031474796064271
0.60058720000006005 -0.50984743568122348
0.78157657508665324 -0.24644214916500409
0.58789728872745073 -0.53120302537661734
0.32747732273858787 -1.116336469850572
0.84989251747488126 -0.16264538752280538
0.90637441755280435 -0.098302793902304481
0.42079984902274603 -0.86559797634495128
0.39664751585000602 -0.92470726207989073
0.074636279340349887 -2.5951285717515566
0.2892945413451784 -1.2403099356703571
0.73125733829258266 -0.31298984521451589
0.64863658748009811 -0.43288267677067038
0.36143910964629455 -1.01766168961681
0.5773450359033987 -0.54931520869277184
0.26111340352945334 -1.3428004697441891
0.43601455193977756 -0.83007966018140522
0.57529718430378907 -0.55286852943428921
0.94068184987025205 -0.061150294470955067
0.94422439413176917 -0.057391435436087053
0.12009834840827693 -2.1194443017952778
0.7050927706839154 -0.34942589520444828
0.36624129189664956 -1.0044628953249235
0.61196926760722548 -0.49107321405875592
0.87305086115348729 -0.13576146464086888
0.63928980208762809 -0.44739740302192221
0.75748829284585639 -0.27774719670701087
0.36062742676134363 -1.0199099124215312
0.62223406880445964 -0.47443894062633374
0.78841686020988888 -0.23772831858230009
0.73516859200990581 -0.30765542918793021
0.32594886161642833 -1.1210147761274947
0.51376968609464768 -0.6659801954734208
0.34379226416069386 -1.0677176872734679
0.2197783578515029 -1.5151357047744065
0.26168826544875756 -1.3406013101580629
0.49681281603548655 -0.69954195152272991
0.068990184576318114 -2.6737910370208553
0.30795660559136451 -1.1777963968717513
0.59172101625565077 -0.52472001149920577
0.55582919517716789 -0.58729423484680032
0.65572812835605632 -0.42200901442303224
0.17220319217383206 -1.7590801495654822
0.86386187516913893 -0.14634238966051027
0.94928615196698729 -0.052044995826416959
0.58624508609294068 -0.53401734118779454
0.64689221626273508 -0.43557558837012234
0.72004976431928824 -0.32843495225039088
0.76934797072540562 -0.26221191413036576
0.58003141283137083 -0.54467301685418712
0.38477638944487325 -0.95509292006455782
0.38265186091780734 -0.96062968250059
0.70375952392598151 -0.35131856651006582
0.46728643588029328 -0.76081285627462347
0.43897643725012614 -0.82330954103736742
0.088910294381395971 -2.4201273458502297
0.059084365787597903 -2.8287889278474232
0.3311631635375214 -1.1051440838597049
0.44835989743508975 -0.80215902658497884
0.061762771644371384 -2.7844544966111346
0.66043653316592099 -0.41485424871167081
0.055281618238989694 -2.8953148264528168
0.27239987072128002 -1.3004841792983755
0.24029729492143659 -1.4258783933923946
0.95903563786579582 -0.041827043302417093
0.76484854933618962 -0.26807743947911888
0.56885540832933401 -0.5641289925627746
0.68995858857403292 -0.37112369975127035
0.60317402028729816 -0.50554953303140904
0.774831906925737 -0.25510916744312973
0.95834535370727991 -0.042547071498557902
0.032442729907547374 -3.4282789007617582
0.42398933026542807 -0.85804698853513983
0.47594879140697444 -0.74244501161576104
0.73913565531383796 -0.30227380882621385
0.36725459518172343 -1.0016999515987419
0.58388746956694604 -0.53804700381853443
0.47080594622671512 -0.75330927362752587
0.65889049568685465 -0.41719792568171871
0.56854289935295199 -0.56467850803529673
0.87728593426761847 -0.13092230295521995
0.29357754608468767 -1.2256134630795503
0.71403910180236352 -0.33681755371298872
0.92757763858469744 -0.075178780634867132
0.47089779664915454 -0.75311420076427016
0.23543636221894459 -1.4463146261661592
0.91869687541140621 -0.084799052808348943
0.34672745086114176 -1.0592162518623938
0.85002842782738242 -0.16248548555422698
0.38601667276745033 -0.95187471675206925
0.19129057212963829 -1.6539616869200753
0.47678760461920788 -0.74068416059239894
0.28991214655172826 -1.2381773448231699
0.67305084211026767 -0.39593440670751551
0.066336727048884825 -2.713011582693484
0.70588582067545147 -0.34830178165672643
0.70420084900082713 -0.35069166663733464
0.82568163103621472 -0.19154601434101309
0.60999943504020138 -0.4942972479788133
0.96296074136688858 -0.037742635027585493
0.40918289144011055 -0.89359305555361956
0.14262933204856765 -1.9475060975639371
0.35052200822463675 -1.048331783538285
0.1780993952486547 -1.7254134842641293
0.87063462480448095 -0.13853287945736484
0.25833206362633732 -1.3535094533038017
0.018426013800784347 -3.9939918193113972
0.56009327839646872 -0.57965194055882252
0.32449058012269916 -1.1254987721570304
0.76544931629085156 -0.26729227601647593
0.60716480503734971 -0.49895501729908243
0.80081049684820371 -0.22213094311473233
0.7524879387098764 -0.28437031078008379
0.27091843439182739 -1.3059374835099962
0.53399595926435239 -0.62736700697125991
0.91689160148644433 -0.08676602365146438
0.7849481537204781 -0.24213760959682745
0.88840145312282104 -0.11833155130041417
0.21511209162822098 -1.5365960303031787
0.79049210921273882 -0.23509960440300179
0.94587998247651228 -0.055639586396800389
0.15890090290289649 -1.8394745232473255
0.021081384713930618 -3.8593648689497391
0.99907305509433186 -0.00092737478476723309
0.2672253044640911 -1.3196631394679592
0.25312815541955658 -1.3738593753439932
0.59156192438147315 -0.52498891062666309
0.23446507177549236 -1.4504486498420908
0.71154850052631957 -0.34031169718893128
0.056571929817433642 -2.8722423564130426
0.74585662381434048 -0.29322189052823505
1 0
1 0
1 0
1 0
1 0
1 0
1 0
1 0
1 0
1 0
1 0
0.99999999999999989 -1.1102230246251565e-16
1 0
0.99999999999999989 -1.1102230246251565e-16
1 0
0.99999999999999989 -1.1102230246251565e-16
1 0
0.99999999999999989 -1.1102230246251565e-16
1 0
0.99999999999999989 -1.1102230246251565e-16
1 0
0.99999999999999989 -1.1102230246251565e-16
1.0000000000000002 2.2204460492503128e-16
0.99999999999999989 -1.1102230246251565e-16
1.0000000000000002 2.2204460492503128e-16
0.99999999999999989 -1.1102230246251565e-16
1.0000000000000002 2.2204460492503128e-16
0.99999999999999989 -1.1102230246251565e-16
1.0000000000000002 2.2204460492503128e-16
0.99999999999999989 -1.1102230246251565e-16
1.0000000000000002 2.2204460492503128e-16
0.99999999999999989 -1.1102230246251565e-16
1.0000000000000002 2.2204460492503128e-16
0.99999999999999978 -2.2204460492503136e-16
1.0000000000000002 2.2204460492503128e-16
0.99999999999999978 -2.2204460492503136e-16
1.0000000000000002 2.2204460492503128e-16
0.99999999999999978 -2.2204460492503136e-16
1.0000000000000002 2.2204460492503128e-16
0.99999999999999978 -2.2204460492503136e-16
1.0000000000000002 2.2204460492503128e-16
0.99999999999999978 -2.2204460492503136e-16
1.0000000000000002 2.2204460492503128e-16
0.99999999999999978 -2.2204460492503136e-16
1.0000000000000002 2.2204460492503128e-16
0.99999999999999978 -2.2204460492503136e-16
1.0000000000000002 2.2204460492503128e-16
0.99999999999999978 -2.2204460492503136e-16
1.0000000000000002 2.2204460492503128e-16
0.99999999999999978 -2.2204460492503136e-16
1.0000000000000002 2.2204460492503128e-16
0.99999999999999978 -2.2204460492503136e-16
1.0000000000000002 2.2204460492503128e-16
0.99999999999999978 -2.2204460492503136e-16
1.0000000000000002 2.2204460492503128e-16
0.99999999999999967 -3.3306690738754701e-16
1.0000000000000002 2.2204460492503128e-16
0.99999999999999967 -3.3306690738754701e-16
1.0000000000000002 2.2204460492503128e-16
0.99999999999999967 -3.3306690738754701e-16
1.0000000000000002 2.2204460492503128e-16
0.99999999999999967 -3.3306690738754701e-16
1.0000000000000002 2.2204460492503128e-16
0.99999999999999967 -3.3306690738754701e-16
1.0000000000000002 2.2204460492503128e-16
0.99999999999999967 -3.3306690738754701e-16
1.0000000000000004 4.4408920985006252e-16
0.99999999999999967 -3.3306690738754701e-16
1.0000000000000004 4.4408920985006252e-16
0.99999999999999967 -3.3306690738754701e-16
1.0000000000000004 4.4408920985006252e-16
0.99999999999999967 -3.3306690738754701e-16
1.0000000000000004 4.4408920985006252e-16
0.99999999999999967 -3.3306690738754701e-16
1.0000000000000004 4.4408920985006252e-16
0.99999999999999967 -3.3306690738754701e-16
1.0000000000000004 4.4408920985006252e-16
0.99999999999999956 -4.4408920985006271e-16
1.0000000000000004 4.4408920985006252e-16
0.99999999999999956 -4.4408920985006271e-16
1.0000000000000004 4.4408920985006252e-16
0.99999999999999956 -4.4408920985006271e-16
1.0000000000000004 4.4408920985006252e-16
0.99999999999999956 -4.4408920985006271e-16
1.0000000000000004 4.4408920985006252e-16
0.99999999999999956 -4.4408920985006271e-16
1.0000000000000004 4.4408920985006252e-16
0.99999999999999956 -4.4408920985006271e-16
1.0000000000000004 4.4408920985006252e-16
0.99999999999999956 -4.4408920985006271e-16
1.0000000000000004 4.4408920985006252e-16
0.99999999999999956 -4.4408920985006271e-16
1.0000000000000004 4.4408920985006252e-16
0.99999999999999956 -4.4408920985006271e-16
1.0000000000000004 4.4408920985006252e-16
0.99999999999999956 -4.4408920985006271e-16
1.0000000000000004 4.4408920985006252e-16
0.99999999999999956 -4.4408920985006271e-16
1.0000000000000004 4.4408920985006252e-16
0.99999999999999944 -5.5511151231257847e-16
1.0000000000000004 4.4408920985006252e-16
0.99999999999999944 -5.5511151231257847e-16
1.0000000000000004 4.4408920985006252e-16
0.99999999999999944 -5.5511151231257847e-16
1.0000000000000004 4.4408920985006252e-16
0.99999999999999944 -5.5511151231257847e-16
1.0000000000000004 4.4408920985006252e-16
0.99999999999999944 -5.5511151231257847e-16
1.0000000000000004 4.4408920985006252e-16
0.99999999999999944 -5.5511151231257847e-16
1.0000000000000007 6.6613381477509373e-16
0.99999999999999944 -5.5511151231257847e-16
1.0000000000000007 6.6613381477509373e-16
0.99999999999999944 -5.5511151231257847e-16
1.0000000000000007 6.6613381477509373e-16
0.99999999999999944 -5.5511151231257847e-16
1.0000000000000007 6.6613381477509373e-16
0.99999999999999944 -5.5511151231257847e-16
1.0000000000000007 6.6613381477509373e-16
0.99999999999999944 -5.5511151231257847e-16
0.014084507042253521 -4.2626798770413155
60492497.126760565 17.918029900876935
3.279304840195347e-12 -26.443389654959564
0.028169014084507043 -3.5695326964813701
120984994.25352113 18.611177081436878
6.5586096803906939e-12 -25.75024247439962
0.042253521126760563 -3.1640675883732059
181477491.38028169 19.016642189545045
9.8379145205860405e-12 -25.344777366291456
0.056338028169014086 -2.8763855159214247
241969988.50704226 19.304324261996825
1.3117219360781388e-11 -25.057095293839673
0.070422535211267609 -2.653241964607215
302462485.63380283 19.527467813311034
1.6396524200976735e-11 -24.833951742525464
0.084507042253521125 -2.4709204078132605
362954982.76056337 19.709789370104989
1.9675829041172081e-11 -24.651630185731509
0.098591549295774641 -2.316769727986002
423447479.88732392 19.863940049932246
2.2955133881367427e-11 -24.497479505904252
0.11267605633802817 -2.1832383353614793
483939977.01408452 19.997471442556769
2.6234438721562776e-11 -24.363948113279729
0.12676056338028169 -2.0654552997050959
544432474.14084506 20.115254478213153
2.9513743561758121e-11 -24.246165077623345
0.14084507042253522 -1.9600947840472698
604924971.26760566 20.220614993870981
3.279304840195347e-11 -24.14080456196552
0.15492957746478872 -1.864784604242945
665417468.39436615 20.315925173675303
3.6072353242148813e-11 -24.045494382161195
0.16901408450704225 -1.7777732272533151
725909965.52112675 20.402936550664936
3.9351658082344162e-11 -23.958483005171566
0.18309859154929578 -1.6977305195797787
786402462.64788735 20.482979258338471
4.2630962922539511e-11 -23.878440297498027
0.19718309859154928 -1.6236225474260568
846894959.77464783 20.557087230492193
4.5910267762734853e-11 -23.804332325344308
0.21126760563380281 -1.5546296759391054
907387456.90140843 20.626080101979145
4.9189572602930202e-11 -23.735339453857357
0.22535211267605634 -1.4900911548015341
967879954.02816904 20.690618623116716
5.2468877443125551e-11 -23.670800932719786
0.23943661971830985 -1.4294665329850993
1028372451.1549295 20.75124324493315
5.5748182283320894e-11 -23.610176310903348
0.25352112676056338 -1.3723081191451507
1088864948.2816901 20.8084016587731
5.9027487123516243e-11 -23.553017897063402
0.26760563380281688 -1.318240897874875
1149357445.4084506 20.862468880043373
6.2306791963711585e-11 -23.498950675793125
0.28169014084507044 -1.2669476034873244
1209849942.5352113 20.913762174430925
6.5586096803906941e-11 -23.447657381405573
0.29577464788732394 -1.2181574393178924
1270342439.6619718 20.962552338600357
6.8865401644102283e-11 -23.398867217236141
0.30985915492957744 -1.1716374236829996
1330834936.7887323 21.009072354235251
7.2144706484297626e-11 -23.352347201601251
0.323943661971831 -1.1271856611121658
1391327433.915493 21.053524116806084
7.5424011324492981e-11 -23.307895439030414
0.3380281690140845 -1.0846260466933699
1451819931.0422535 21.09608373122488
7.8703316164688324e-11 -23.265335824611618
0.352112676056338 -1.0438040521731147
1512312428.169014 21.136905725745134
8.1982621004883666e-11 -23.224513830091364
0.36619718309859156 -1.0045833390198333
1572804925.2957747 21.176126438898418
8.5261925845079022e-11 -23.185293116938084
0.38028169014084506 -0.96684301103698633
1633297422.4225352 21.213866766881264
8.8541230685274364e-11 -23.147552788955235
0.39436619718309857 -0.93047536686611154
1693789919.5492957 21.250234411052137
9.1820535525469707e-11 -23.111185144784361
0.40845070422535212 -0.89538404705484131
1754282416.6760564 21.285325730863409
9.5099840365665062e-11 -23.076093824973093
0.42253521126760563 -0.86148249537916011
1814774913.8028169 21.319227282539089
9.8379145205860405e-11 -23.04219227329741
0.43661971830985913 -0.82869267255616919
1875267410.9295774 21.35201710536208
1.0165845004605575e-10 -23.009402450474418
0.45070422535211269 -0.7969439742415888
1935759908.0563381 21.38376580367666
1.049377548862511e-10 -22.977653752159839
0.46478873239436619 -0.76617231557483523
1996252405.1830986 21.414537462343414
1.0821705972644645e-10 -22.946882093493084
0.47887323943661969 -0.73631935242515412
2056744902.309859 21.444390425493097
1.1149636456664179e-10 -22.917029130343405
0.49295774647887325 -0.70733181555190172
2117237399.4366198 21.473377962366349
1.1477566940683714e-10 -22.888041593470152
0.50704225352112675 -0.67916093858520543
2177729896.5633802 21.501548839333044
1.1805497424703249e-10 -22.859870716503455
0.52112676056338025 -0.651761964397091
2238222393.6901407 21.52894781352116
1.2133427908722783e-10 -22.832471742315342
0.53521126760563376 -0.62509371731492969
2298714890.8169012 21.55561606060332
1.2461358392742317e-10 -22.805803495233178
0.54929577464788737 -0.59911823091166894
2359207387.9436622 21.581591547006582
1.2789288876761854e-10 -22.77982800882992
0.56338028169014087 -0.57380042292737909
2419699885.0704226 21.606909354990872
1.3117219360781388e-10 -22.75451020084563
0.57746478873239437 -0.54910781033700762
2480192382.1971831 21.631601967581243
1.3445149844800922e-10 -22.729817588255258
0.59154929577464788 -0.52501025875794716
2540684879.3239436 21.655699519160304
1.3773080328820457e-10 -22.705720036676198
0.60563380281690138 -0.50147976134775307
2601177376.4507041 21.679230016570497
1.4101010812839991e-10 -22.682189539266002
0.61971830985915488 -0.47849024312305433
2661669873.5774646 21.702219534795194
1.4428941296859525e-10 -22.659200021041304
0.63380281690140849 -0.45601738727099561
2722162370.7042255 21.724692390647256
1.4756871780879062e-10 -22.636727165189246
0.647887323943662 -0.43403848055222038
2782654867.830986 21.746671297366028
1.5084802264898596e-10 -22.61474825847047
0.6619718309859155 -0.4125322753312568
2843147364.9577465 21.768177502586994
1.5412732748918131e-10 -22.593242053249508
0.676056338028169 -0.39147886613342453
2903639862.084507 21.789230911784827
1.5740663232937665e-10 -22.572188644051675
0.6901408450704225 -0.37085957893068888
2964132359.2112675 21.809850198987561
1.6068593716957199e-10 -22.55156935684894
0.70422535211267601 -0.35065687161316944
3024624856.338028 21.830052906305081
1.6396524200976733e-10 -22.531366649531421
0.71830985915492962 -0.33085424431698957
3085117353.4647889 21.849855533601261
1.672445468499627e-10 -22.511564022235241
0.73239436619718312 -0.31143615845988804
3145609850.5915494 21.869273619458362
1.7052385169015804e-10 -22.492145936378137
0.74647887323943662 -0.2923879634891936
3206102347.7183099 21.888321814429055
1.7380315653035339e-10 -22.473097741407443
0.76056338028169013 -0.27369583047704105
3266594844.8450704 21.907013947441207
1.7708246137054873e-10 -22.454405608395291
0.77464788732394363 -0.25534669180884456
3327087341.9718308 21.925363086109407
1.8036176621074407e-10 -22.436056469727095
0.78873239436619713 -0.23732818630616626
3387579839.0985913 21.943381591612084
1.8364107105093941e-10 -22.418037964224418
0.80281690140845074 -0.21962860920676522
3448072336.2253523 21.961081168711484
1.8692037589113478e-10 -22.400338387125014
0.81690140845070425 -0.20223686649489606
3508564833.3521128 21.978472911423353
1.9019968073133012e-10 -22.382946644413146
0.83098591549295775 -0.18514243313559597
3569057330.4788733 21.995567344782653
1.9347898557152547e-10 -22.365852211053845
0.84507042253521125 -0.16833531481921477
3629549827.6056337 22.012374463099036
1.9675829041172081e-10 -22.349045092737466
0.5 -0.69314718055994529
1 0
1.5 0.40546510810816438
2 0.69314718055994529
2.5 0.91629073187415511
3 1.0986122886681098
0.75 -0.2876820724517809
1.25 0.22314355131420976
1.9999999999999998 0.69314718055994518
1.0000000000000002 2.2204460492503128e-16
1e-300 -690.77552789821368
9.9999999999999991e-309 -709.19620864216608
4.9406564584124654e-324 -744.44007192138122
9.9998886718268301e-321 -736.82724089097394
1.0000000000000001e+300 690.77552789821368
1e+308 709.19620864216608
1.7976931348623157e+308 709.78271289338397
2.2250738585072014e-308 -708.39641853226408
4.4501477170144028e-308 -707.70327135170419
0.99999999999999989 -1.1102230246251565e-16
6.6613381477509392e-16 -34.945041100449046
1.1102230246251565e-16 -36.736800569677101
3.1415926535897931 1.1447298858494002
2.7182818284590451 1
1.4142135623730951 0.3465735902799727
0.70710678118654757 -0.34657359027997259
79.537740613250563 4.3762316337091427
38.381594521658258 3.6475780353564291
44.866543173897 3.8036923760995842
17.74507680410764 2.8761081143002873
15.359576059298163 2.7317391270325215
41.056684240173524 3.7149536543157233
66.583568104246282 4.198457821943216
99.595849406349402 4.6011204910952106
13.101649399905924 2.572738130671075
72.848572098951081 4.2883829318856481
65.698523611517246 4.1850764535716687
53.163180196631998 3.9733660551676775
80.233005204444297 4.3849349664296824
2.2238778730539366 0.79925246168537889
92.197334284764665 4.5239312178318318
93.870941348733794 4.541920874515661
6.6650060675616629 1.8968708639920975
99.789340922055203 4.6030613732251995
90.378130047470151 4.5040023138760894
45.090506349607296 3.8086717221239272
74.226367550172156 4.3071194448677312
85.517602558370243 4.4487222326284481
21.499051390096824 3.0680088127693943
7.9366991045525026 2.071497458914183
39.43129043766227 3.6745596746596716
8.9750088342327672 2.1944439186894868
9.4054049906940662 2.2412845230373768
40.823158728520781 3.7092495362722646
28.091377151558916 3.3354626663137896
72.767216866516549 4.2872655360115148
96.716588310283313 4.5717849318039541
23.839132695973575 3.1713284613329229
93.586865952659437 4.5388900526190357
89.466376710205964 4.4938628754801186
49.96992843432615 3.9114213931823074
10.900107139884341 2.3887726185339777
17.189330953506854 2.844288897957099
90.189315698545158 4.5019109688170351
78.795902819271291 4.3668610008327651
41.195010849261138 3.7183171531310615
23.892159166101479 3.1735503367473115
42.919629340747179 3.7593292816755137
80.194158943997351 4.3844506810979267
77.519395163981386 4.3505281652298509
63.74510909687281 4.154892461046348
56.330538556620979 4.0312368136033472
98.0618574099136 4.5855984776092047
13.525901755769354 2.6046064957646484
62.505860015193448 4.1352603125902343
32.554963481575783 3.4829298449427126
9.3771600305512237 2.2382769485765173
84.681890464811005 4.4389017708262912
80.127958214099593 4.3836248345480708
33.912145545188821 3.5237732258902894
41.255702151672935 3.7197893372072035
82.803216182789896 4.4164669034241699
67.626737602390463 4.2140034315114479
64.446478261874063 4.1658350849422403
62.183658096249061 4.1300922336535892
4.4992234850418811 1.5039048230066956
76.440918065911845 4.3365181295813704
59.236639423166082 4.081540259619767
21.107061485093581 3.0496076520333113
16.845976567065435 2.8241118488833856
26.588447462586728 3.2804768155317308
71.326809397734792 4.2672722651301909
70.055409493523868 4.2492864931208478
45.293966283788478 3.8131738289994415
65.564033120638854 4.1830272699919986
47.914368277473329 3.8694154234757612
60.242793117103233 4.0983829489025236
39.466941973781644 3.6754634094445007
66.718487542462768 4.2004820890654759
70.76014490585294 4.259295917139303
54.078885485345651 3.9904438228933845
51.436509525021989 3.940348222359245
99.284771927726823 4.5979922050890218
78.890699638215267 4.3680633455961972
22.50461843120739 3.1137205517558995
31.64162505385022 3.4544735023216928
10.573241368553354 2.358326410256804
99.322416262774027 4.598371288402582
70.125315146260547 4.2502838578970836
62.304501874428553 4.1320336844094729
60.26235838700309 4.0987076697933329
40.102013105824597 3.6914265351927025
41.641955076638837 3.7291081945331035
73.478643382295417 4.2969947977689724
36.086828130598647 3.5859279270283801
82.337615205011616 4.4108280531461768
49.286157493166272 3.8976432605505811
28.317122312527232 3.3434666504043231
16.311000265254805 2.7918397430942195
78.561414810481267 4.3638806731824316
29.865913650524689 3.396717818400893
91.398753810556599 4.5152318439093486
66.722260656741028 4.2005386402214038
84.754342615346445 4.4397569852468939
94.459105384886399 4.5481669935877038
65.687862121860263 4.1849141614190861
15.850281561684554 2.7631872643096451
35.272733274119616 3.563110236967455
96.894951637133531 4.5736274188515447
72.683824715519307 4.286118866187393
21.889193507130145 3.0859930678743321
2.906852190619702 1.0670707742639818
87.396754979605973 4.4704581535924204
68.355899556068067 4.2247278733598028
66.359266573805442 4.1950834130279766
61.094012495335903 4.1124138662093577
73.89220901826512 4.3026073963919131
10.435907278087342 2.3452524824216101
3.6933246624986538 1.3065270449493518
99.190007836332938 4.5970372817611551
19.612105789230938 2.9761470178816656
85.497556448661527 4.4484877959864928
91.284144765338127 4.5139771116804628
3.5193743275087286 1.258283225944143
16.08908121884518 2.7781408567539363
45.990473174108359 3.8284342701292235
82.50829553427117 4.4128988402161884
52.087729983367126 3.952929412066247
85.242087619733908 4.4454952980113909
16.085732269304032 2.7779326846348047
5.0875267876723029 1.6267918161449846
26.32077847044485 3.2703586831642824
52.909116301787762 3.9685756548636486
82.956792310465488 4.4183198976779066
70.911715272768916 4.2614356564574019
92.529662272133351 4.5275292663259661
64.302341936548757 4.1635960526106146
68.156617385415785 4.2218082537281836
80.990783256455146 4.3943353612408682
74.088864645862884 4.3052652463249581
65.050854576187689 4.1751693420926319
57.312330489147456 4.0485157923529416
43.202716600072577 3.7659033775338715
24.210946299467651 3.1868048573181649
80.723516444076537 4.3910299385761329
79.759393536912881 4.3790145220252885
11.449099134869201 2.4379110487275959
21.934717777027402 3.0880706682043089
94.25776003290558 4.5460331575054536
61.356953132109737 4.1167085002216508
66.019231644105858 4.1899460881280861
80.295148373582492 4.3857092003675602
41.141362918365232 3.7170140124647189
1.0060357818936438 0.00601763952775134
77.512197825162232 4.3504353152670072
56.962053242845911 4.042385313554564
33.397924271607948 3.5084937504947669
35.836627449739211 3.5789704835043432
54.498957500502243 3.998181573055096
51.830538472387389 3.9479795213505686
47.619959582025828 3.8632519922978741
92.204736421084732 4.5240115004045345
49.961970319991522 3.9112621224299122
22.591975526741237 3.1175947780392304
1.9957548333248809 0.6910223413496227
64.17522168573484 4.1616171811452363
57.97876249881746 4.0600767796785888
34.245077850491157 3.5335428419862001
30.319410560447224 3.4117881199667042
1.7518776588595131 0.56068816065792626
42.481526015145121 3.7490692994321804
19.420119830611782 2.9663096333184868
85.502391102587794 4.4485443416638084
25.50690632121686 3.2389492516210492
9.4030653996501457 2.2410357424606011
77.445627990198318 4.3495761158208497
64.576406208372461 4.1678491151036487
49.273886008641199 3.8973942451453016
25.098463035202556 3.2228066106056126
97.008642474192186 4.5748000722065054
5.3611221932097664 1.6791733175738492
89.080568370876989 4.4895412228232008
43.412500999233217 3.7707474410873698
92.332049841812136 4.5253913167924207
20.948059345898784 3.0420460094234816
54.451707700503249 3.9973142116145017
84.758437173697487 4.4398052949773685
89.863182150126875 4.4982883153244595
91.318612481770955 4.5143546275226312
61.61155615398215 4.1208494528471205
99.509966868058441 4.6002578086761403
61.947018548556798 4.126279480178634
46.476463692964032 3.8389460273119851
20.027050598779539 2.9970838896482586
89.123389799344821 4.4900218118037341
47.817570355068995 3.8673931526061729
47.452271702871585 3.8597243996290374
31.284978173044209 3.443138051768901
78.751927200096716 4.3663027497884794
29.017535101431235 3.3679003059241199
90.763452041381854 4.5082566940206608
98.680944387496794 4.5918918618169915
69.552076329894774 4.2420757716965873
86.146725567117244 4.4560519537445424
39.028637770215013 3.6642956784623699
87.368685982968231 4.4701369345147297
15.088630999176544 2.7139415462769927
83.304272619307085 4.4224998398058748
71.402062953488254 4.2683267618341443
47.79157703144179 3.8668494112387797
89.708818125176393 4.4965690710911019
33.950821989903091 3.5249130654907828
78.577171737583384 4.364081221341876
32.772977183491747 3.4896043094687355
55.777683079083218 4.0213738445687079
51.96005119958329 3.9504751771672577
19.89325602646197 2.990380781150574
3.5197717706758169 1.2583961496317513
7.3596819008930225 1.9960167118194132
90.701479933640883 4.5075736737866601
56.458395563768349 4.0335040052017357
48.397960917727545 3.8794576830360836
19.221187603941203 2.9560131916405692
4.0088915347098464 1.3885147778465838
61.383447011381165 4.1171402061579512
86.236875156308912 4.4570978722313539
68.653572014732234 4.2290731631215612
10.313381153453349 2.3334421931939229
43.724834595519368 3.7779162380620477
12.738434509622465 2.5446237626582171
13.12746514544223 2.5747066114467283
16.092253739893181 2.7783380220401086
59.390465326078967 4.0841336970884869
83.001232885346354 4.4188554617265954
96.549002226352698 4.5700506745523795
19.70236871528499 2.9807388678703393
93.217757932572098 4.5349382392991249
27.97002612314472 3.3311334411835687
51.074125483481581 3.9332780183540952
10.789224087295679 2.3785478663317914
0.14256775086032292 -1.9479379476275751
39.605836442419928 3.6789764923099404
48.03559478281052 3.8719422940648487
44.513747209715859 3.7957980675253946
78.612241088819346 4.3645274263525984
54.619264576012228 4.0003866515831126
1.3500596267650877 0.30014875944910091
71.102568592041848 4.2641234626269995
0.23717334614268282 -1.4389639868794735
34.661129806216451 3.5456188805887527
18.41263593098752 2.913037164299856
58.552155383988236 4.0699179020730423
40.517606613687107 3.7017366108464129
10.924143690774457 2.3909753572025823
38.37969577994933 3.6475285640225872
55.112728645343623 4.0093806993775347
96.033015881083017 4.5646920477704294
1.243371728416065 0.2178268252744047
65.12529820858397 4.176313079081611
95.417039512558688 4.5582571737479052
53.759829587778185 3.9845265263396725
50.120654816060295 3.9144331949078111
44.083645233877533 3.7860888572939091
83.33699014005731 4.4228925099120513
13.521441312253657 2.6042766708687304
7.8303553429527994 2.058007891214706
8.5224211152382878 2.1427004689282145
60.945412076488026 4.1099785795335917
90.617026156845881 4.5066421220689312
89.144667400804423 4.4902605264887407
24.205645405473675 3.1865858871747288
47.991213783984676 3.8710179479859108
23.379609101429466 3.1518642365469867
9.5626931134098925 2.2578693938151346
42.388023015336174 3.7468658462806448
63.286236571981647 4.1476678737861779
31.048674518160269 3.4355561188422241
25.617443754264713 3.2432735160911883
62.936488503857291 4.1421260989114179
98.136670546230675 4.5863611045332942
57.490387411548838 4.0516177583766071
33.310281376362383 3.5058660993738249
53.211998374071712 3.9742839042659894
33.778435518392769 3.5198225964644103
62.853749023329542 4.1408105835886628
46.486980374643139 3.8391722814450899
38.091405549241486 3.6399886805511379
87.604682431930314 4.4728344489331118
0.42076346991102298 -0.86568443237488324
65.589964988479466 4.1834227115119278
3.9037356783229171 1.3619339609111221
46.277174986001057 3.8346488586732632
22.212479311638944 3.100654262096608
1.3262744791227021 0.28237386817266807
58.648156721176647 4.0715561461516643
33.626925030657162 3.5153270862656547
72.182621637672284 4.2791993193873141
71.071828835199113 4.2636910393795233
85.015672643904239 4.4428356235396
55.170735213879141 4.0104326535301311
48.210977637969776 3.8755867469501442
86.043520618132874 4.454853221950736
66.628860262702361 4.199137820960674
23.259404533826 3.1467095463254182
87.056772974703378 4.4665604687556053
81.227949208787464 4.3972593900223496
74.532086560758515 4.311229724755016
63.052933138159517 4.1439745821561411
63.717508809360979 4.1544593883792933
58.638148506656051 4.0713854831825227
66.10937341697003 4.191310543414775
21.97327816640211 3.0898270862989832
7.343151338870868 1.9937680882081832
57.618844313595474 4.0538496724194077
75.891698877650882 4.3293073092194261
97.863718901014352 4.5835758873973846
49.373708394275795 3.8994180637758555
87.640519455387533 4.4732434418592613
3.5658201228986997 1.2713940759080948
84.195843228229705 4.4331455521938974
10.607122308804762 2.3615256914085596
52.379269406325335 3.9585108910312679
23.150954377927135 3.1420360055108678
26.283224660660665 3.2689308900714131
47.483586118636012 3.860384095925435
16.002005034561506 2.7727140290486494
25.818641446426582 3.251096767706811
39.120176190292 3.6666383489982945
54.323882469214979 3.9949639547245521
59.656408329119159 4.0886015749464972
52.058116547899047 3.9523607204236608
55.26220027270341 4.0120891354362902
18.22768261268628 2.9029414611744615
8.4560778532555503 2.1348854553911578
84.510325973920786 4.4368737277720118
26.762059541215422 3.286985195722091
52.779957847819148 3.9661315324355857
76.06991944328243 4.3316529100272163
36.296601989419131 3.591724127782288
76.794426663128945 4.3411320680298253
71.899278922751009 4.2752662357859048
38.749950586986159 3.6571294806239925
39.353758644307746 3.6725914885815714
89.027990329330464 4.4889508183703493
77.672841542944226 4.3525056665820241
65.704700221454715 4.1851704635930647
79.269257978207364 4.3728503861165606
92.38435396326139 4.5259576349078641
17.754089451946342 2.876615881044291
64.650205636407776 4.168991285977043
36.313907746486862 3.5922008014059372
78.468220595601679 4.3626937096442404
56.056841830864457 4.0263662086318002
55.713641006040149 4.0202250183149673
33.533568519492363 3.5125469824766831
13.135867726994377 2.5753464831552924
2.5844002439097125 0.94949346707956295
33.254764049927843 3.5041980365353855
1.4363510585898354 0.36210591051824792
33.423936142739308 3.5092722942911818
67.115243291938143 4.2064111909339701
72.299044691710179 4.280810915961383
92.36105550252951 4.5257054125557872
68.985742800610694 4.2338998571690443
60.273145773609471 4.0988866608169374
56.89744859305037 4.0412504999344971
96.21192335564821 4.5665532933972184
82.437836335805059 4.4120445103576724
32.695914744605759 3.4872501387410137
63.657795339791079 4.1535217894570655
60.882422805558534 4.108944509173508
76.328000665502316 4.3350398521685252
57.352948659297098 4.0492242574114181
0.81030209726051794 -0.21034814126690282
26.167548762231618 3.2645200462105946
83.082533879624521 4.4198344978161028
55.629529026311886 4.0187141578696606
46.416764982348724 3.8376607082486829
67.893272452763043 4.2179369494314782
7.1230423241033236 1.9633349268714915
98.98967795966449 4.5950155816651304
27.712728471262693 3.3218918192481004
80.799102676619228 4.3919658599779972
70.771349768318714 4.2594542545117022
84.556590910413476 4.4374210251203055
55.151354123783136 4.0100812988664956
23.633503174794512 3.1626653313657789
74.558085049348222 4.3115784866964963
54.829612970268826 4.0042304306689731
51.625430007384665 3.9440143806873724
10.012929243066893 2.3038771821938462
91.651234852267294 4.5179904477603285
74.321500698136944 4.3084002866878466
70.771467697745294 4.2594559208544904
63.716782974423225 4.154447996862495
0.42308756796813896 -0.8601761048876706
74.79383068328751 4.3147354040828194
63.461020865960194 4.1504258727883467
9.9184215987325075 2.2943937956059628
20.337705717815879 3.0124765876908453
66.948912274646588 4.2039298251739323
52.875634487188705 3.9679426370521513
44.874768548878663 3.803875689109987
57.589004497937424 4.0533316553462102
91.172966324665694 4.5127584312599716
4.3221028705026754 1.4637420593985428
### FMA_CHECK
a*b+c=2.2204460492503121e-16 fma=2.2204460492503121e-16
