### RAND_SEED 0
520932930
28925691
822784415
890459872
145532761
### DRAND48_SEED 0
0.17082803610628972
0.74990198048496381
0.09637165562356742
0.87046522702707563
0.57730350679510778
### LRAND48_SEED 0
366850414
1610402240
206956554
1869309841
1239749840
### RANDOM_SEED 0
577655601
1248161417
192959563
143633695
541917479
### MT_SEED 0
0.999741748906672
0.16290987539105117
0.28261780529282987
0.94720108201727271
0.23165654274635017
### RAND_SEED 1
16807
282475249
1622650073
984943658
1144108930
### DRAND48_SEED 1
0.041630344771878214
0.45449244472862915
0.8348172181669149
0.33598603014520023
0.56548940356613642
### LRAND48_SEED 1
89400484
976015093
1792756325
721524505
1214379247
### RANDOM_SEED 1
1804289383
846930886
1681692777
1714636915
1957747793
### MT_SEED 1
0.41702199843712151
0.99718480813317001
0.72032448928803205
0.93255736120045185
0.00011438108049333096
### RAND_SEED 2
33614
564950498
1097816499
1969887316
140734213
### DRAND48_SEED 2
0.91243265343746671
0.15908290897229449
0.57326278071026238
0.80150683326332484
0.55367530033716505
### LRAND48_SEED 2
1959434203
341627945
1231072447
1721222818
1189008653
### RANDOM_SEED 2
1505335290
1738766719
190686788
260874575
747983061
### MT_SEED 2
0.43599490262567997
0.18508208147250116
0.025926227914169431
0.93154086358845234
0.54966247593984008
### RAND_SEED 42
705894
1126542223
1579310009
565444343
807934826
### DRAND48_SEED 42
0.74452500006100664
0.34270147871890799
0.11108528244416149
0.42233895798830901
0.08111117117831057
### LRAND48_SEED 42
1598855263
735945821
238553827
906966006
174184913
### RANDOM_SEED 42
71876166
708592740
1483128881
907283241
442951012
### MT_SEED 42
0.37454011430963874
0.79654298420064151
0.95071431156247854
0.18343478767201304
0.73199393833056092
### RAND_SEED 12345
207482415
1790989824
2035175616
77048696
24794531
### DRAND48_SEED 12345
0.22532851279629895
0.91918306853355602
0.20684125324818226
0.72477972027531479
0.73219914514364248
### LRAND48_SEED 12345
483889296
1973930609
444188209
1556452597
1572385691
### RANDOM_SEED 12345
383100999
858300821
357768173
455528251
133005921
### MT_SEED 12345
0.92961608665063977
0.89015471306629479
0.31637556036002934
0.13070729398168623
0.18391881231218576
### RAND_SEED 2147483647
0
520932930
28925691
822784415
890459872
### DRAND48_SEED 2147483647
0.80002572744070122
0.54531151624129848
0.85792609308021994
0.90494442390895102
0.089117610024079141
### LRAND48_SEED 2147483647
1718042167
1171047564
1842382256
1943353352
191378610
### RANDOM_SEED 2147483647
1610004448
1166754120
128066074
1097099578
1385176211
### MT_SEED 2147483647
0.39339112839661539
0.89200874650850892
0.65666184504516423
0.63906111102551222
0.086290797451511025
### RAND_SEED 4294967295
16807
282475249
1622650073
984943658
1144108930
### DRAND48_SEED 4294967295
0.30002572744070122
0.045311516241298477
0.35792609308021994
0.40494442390895102
0.58911761002407914
### LRAND48_SEED 4294967295
644300343
97305740
768640432
869611528
1265120434
### RANDOM_SEED 4294967295
254925627
1205188300
366127624
1401405153
76053476
### MT_SEED 4294967295
0.097632028860971332
0.11160666542127728
0.91238284390419722
0.56269337399862707
0.7890353025868535
