# RAND_MAX=2147483647 sizeof_long=8
# gsl_version=2.8

### RANCHECK
0:  srand =     705894,  drand48 = 0.7445,  random =   71876166,  gsl = 0.374540
1:  srand = 1126542223,  drand48 = 0.3427,  random =  708592740,  gsl = 0.796543
2:  srand = 1579310009,  drand48 = 0.1111,  random = 1483128881,  gsl = 0.950714
3:  srand =  565444343,  drand48 = 0.4223,  random =  907283241,  gsl = 0.183435
4:  srand =  807934826,  drand48 = 0.0811,  random =  442951012,  gsl = 0.731994
5:  srand =  421520601,  drand48 = 0.8564,  random =  537146758,  gsl = 0.779691
6:  srand = 2095673201,  drand48 = 0.4988,  random = 1366999021,  gsl = 0.598658
7:  srand = 1100194760,  drand48 = 0.4788,  random = 1854614940,  gsl = 0.596850
8:  srand = 1139130650,  drand48 = 0.6908,  random =  647800535,  gsl = 0.156019
9:  srand =  552121545,  drand48 = 0.8346,  random =   53523743,  gsl = 0.445833

### RAND
0 705894
1 1126542223
2 1579310009
3 565444343
4 807934826
5 421520601
6 2095673201
7 1100194760
8 1139130650
9 552121545

### RAND_SEED1
0 16807
1 282475249
2 1622650073
3 984943658
4 1144108930

### DRAND48
0 0.74452500006100664
1 0.34270147871890799
2 0.11108528244416149
3 0.42233895798830901
4 0.08111117117831057
5 0.85644070802662497
6 0.4987994221940788
7 0.47881429064462822
8 0.69081244430563871
9 0.83459376596215407
10 0.4628998343994617
11 0.57763806031059772

### LRAND48
0 1598855263
1 735945821
2 238553827
3 906966006
4 174184913
5 1839192415
6 1071163602
7 1028245859
8 1483508427
9 1792276465
10 994069825
11 1240468288

### DRAND48_SEED0
0 0.17082803610628972
1 0.74990198048496381
2 0.09637165562356742
3 0.87046522702707563
4 0.57730350679510778

### DRAND48_INTERLEAVED
0 1598855263 0.34270147871890799
1 238553827 0.42233895798830901
2 174184913 0.85644070802662497
3 1071163602 0.47881429064462822
4 1483508427 0.83459376596215407
5 994069825 0.57763806031059772

### RANDOM
0 71876166
1 708592740
2 1483128881
3 907283241
4 442951012
5 537146758
6 1366999021
7 1854614940
8 647800535
9 53523743

### RANDOM_SEED1
0 1804289383
1 846930886
2 1681692777
3 1714636915
4 1957747793

### RANDOM_SEED0
0 577655601
1 1248161417
2 192959563
3 143633695
4 541917479

### GSLINFO
name=mt19937 min=0 max=4294967295 size=5000

### GSL_UNIFORM_42
0 0.37454011430963874
1 0.79654298420064151
2 0.95071431156247854
3 0.18343478767201304
4 0.73199393833056092
5 0.77969099744223058
6 0.59865848626941442
7 0.59685016144067049
8 0.15601863851770759
9 0.44583275751210749
10 0.15599452378228307
11 0.099974920507520437

### GSL_UNIFORM_0
0 0.999741748906672
1 0.16290987539105117
2 0.28261780529282987
3 0.94720108201727271
4 0.23165654274635017

### GSL_UNIFORM_1
0 0.41702199843712151
1 0.99718480813317001
2 0.72032448928803205
3 0.93255736120045185
4 0.00011438108049333096

### GSL_UNIFORM_BIGSEED
0 0.097632028860971332
1 0.11160666542127728
2 0.91238284390419722
3 0.56269337399862707
4 0.7890353025868535

### GSL_UNIFORM_POS_42
0 0.37454011430963874
1 0.79654298420064151
2 0.95071431156247854
3 0.18343478767201304
4 0.73199393833056092
5 0.77969099744223058
6 0.59865848626941442
7 0.59685016144067049
8 0.15601863851770759
9 0.44583275751210749
10 0.15599452378228307
11 0.099974920507520437

### GSL_UGAUSSIAN_42
0 1.22192121739814
1 0.869635816822104
2 1.5885563663678577
3 -0.18712466972702416
4 -0.063420026833911347
5 -0.38589158599075485
6 -1.0503946386477818
7 0.95777892846637702
8 0.43590277732732391
9 0.88455689175917041
10 -0.22751898535442905
11 -0.38159195517365224

### GSL_RANGE_42
0 13.745401143096387
1 17.965429842006415
2 19.507143115624785
3 11.83434787672013
4 17.319939383305609
5 17.796909974422306
6 15.986584862694144
7 15.968501614406705

### NRAND_42
0 1.2384893738165177
1 -0.79669787169033834
2 -0.94406201770939557
3 -0.18851649657214287
4 -0.20114187165331424
5 -3.5494019721386603
6 0.50607297540898744
7 0.88740995541432743
8 -1.1439078499238946
9 2.3938110572980542
10 0.032157223053672322
11 -0.44877316707695403

### NRAND_DRAWCOUNT
nrand0=1.2384893738165177
drand48_after_nrand0=0.11108528244416149
nrand1=-0.79669787169033834
drand48_after_nrand1=0.42233895798830901

### NRAND_SCALED_42
0 118.57734060724776
1 88.049531924644924
2 85.839069734359072
3 97.172252551417856
4 96.982871925200286
5 46.758970417920096

### INTERP
0 0.74452500006100664 17.445250000610066
1 0.34270147871890799 13.42701478718908
2 0.11108528244416149 11.110852824441615
3 0.42233895798830901 14.22338957988309
4 0.08111117117831057 10.811111711783106
